../Core/Src/ht16k33.c:70:6:_refresh	24	static
../Core/Src/ht16k33.c:82:6:_writeCmd	24	static
../Core/Src/ht16k33.c:87:6:_writePos	32	static
../Core/Src/ht16k33.c:100:6:_writePosPoint	16	static
../Core/Src/ht16k33.c:113:6:seg7_init	8	static
../Core/Src/ht16k33.c:118:6:seg7_reset	8	static
../Core/Src/ht16k33.c:126:6:seg7_clearCache	16	static
../Core/Src/ht16k33.c:132:6:seg7_refresh	8	static
../Core/Src/ht16k33.c:136:6:seg7_displayOn	8	static
../Core/Src/ht16k33.c:142:6:seg7_displayOff	8	static
../Core/Src/ht16k33.c:147:6:seg7_setBlinkRate	16	static
../Core/Src/ht16k33.c:155:6:seg7_setBrightness	16	static
../Core/Src/ht16k33.c:167:6:seg7_setDigits	16	static
../Core/Src/ht16k33.c:175:6:seg7_displayClear	16	static
../Core/Src/ht16k33.c:181:5:seg7_displayInt	40	static
../Core/Src/ht16k33.c:217:5:seg7_displayTime	24	static
../Core/Src/ht16k33.c:233:6:seg7_display	24	static
../Core/Src/ht16k33.c:247:6:seg7_displayPoint	16	static
../Core/Src/ht16k33.c:254:6:seg7_displayColon	16	static
../Core/Src/ht16k33.c:258:6:seg7_displayRaw	16	static
../Core/Src/ht16k33.c:266:6:seg7_setDispAddr	16	static
../Core/Src/ht16k33.c:270:6:seg7_displayOnOffMulti	16	static
../Core/Src/ht16k33.c:287:6:seg7_displayIntMulti	16	static
