../Core/Src/ht16k33.c:71:6:_refresh	24	static
../Core/Src/ht16k33.c:83:6:_writeCmd	24	static
../Core/Src/ht16k33.c:88:6:_writePos	32	static
../Core/Src/ht16k33.c:101:6:_writePosPoint	16	static
../Core/Src/ht16k33.c:114:6:seg7_init	16	static
../Core/Src/ht16k33.c:119:6:seg7_reset	16	static
../Core/Src/ht16k33.c:127:6:seg7_clearCache	16	static
../Core/Src/ht16k33.c:133:6:seg7_refresh	8	static
../Core/Src/ht16k33.c:137:6:seg7_displayOn	8	static
../Core/Src/ht16k33.c:143:6:seg7_displayOff	8	static
../Core/Src/ht16k33.c:148:6:seg7_setBlinkRate	16	static
../Core/Src/ht16k33.c:156:6:seg7_setBrightness	16	static
../Core/Src/ht16k33.c:168:6:seg7_setDigits	16	static
../Core/Src/ht16k33.c:176:6:seg7_displayClear	24	static
../Core/Src/ht16k33.c:182:5:seg7_displayInt	40	static
../Core/Src/ht16k33.c:218:5:seg7_displayTime	24	static
../Core/Src/ht16k33.c:234:6:seg7_display	24	static
../Core/Src/ht16k33.c:250:6:seg7_displayPoint	16	static
../Core/Src/ht16k33.c:257:6:seg7_displayColon	16	static
../Core/Src/ht16k33.c:261:6:seg7_displayRaw	16	static
../Core/Src/ht16k33.c:269:6:seg7_setDispAddr	16	static
../Core/Src/ht16k33.c:274:6:seg7_displayOnOffMulti	16	static
