../Core/Src/ht16k33.c:68:6:_refresh	24	static
../Core/Src/ht16k33.c:80:6:_writeCmd	24	static
../Core/Src/ht16k33.c:85:6:_writePos	32	static
../Core/Src/ht16k33.c:98:6:_writePosPoint	16	static
../Core/Src/ht16k33.c:111:6:seg7_init	8	static
../Core/Src/ht16k33.c:116:6:seg7_reset	8	static
../Core/Src/ht16k33.c:124:6:seg7_clearCache	16	static
../Core/Src/ht16k33.c:130:6:seg7_refresh	8	static
../Core/Src/ht16k33.c:134:6:seg7_displayOn	8	static
../Core/Src/ht16k33.c:140:6:seg7_displayOff	8	static
../Core/Src/ht16k33.c:145:6:seg7_setBlinkRate	16	static
../Core/Src/ht16k33.c:153:6:seg7_setBrightness	16	static
../Core/Src/ht16k33.c:165:6:seg7_setDigits	16	static
../Core/Src/ht16k33.c:173:6:seg7_displayClear	16	static
../Core/Src/ht16k33.c:179:5:seg7_displayInt	40	static
../Core/Src/ht16k33.c:215:5:seg7_displayTime	24	static
../Core/Src/ht16k33.c:231:6:seg7_display	24	static
../Core/Src/ht16k33.c:245:6:seg7_displayPoint	16	static
../Core/Src/ht16k33.c:252:6:seg7_displayColon	16	static
../Core/Src/ht16k33.c:256:6:seg7_displayRaw	16	static
../Core/Src/ht16k33.c:264:6:seg7_setDispAddr	16	static
../Core/Src/ht16k33.c:268:6:seg7_displayOffMulti	16	static
../Core/Src/ht16k33.c:275:6:seg7_displayOnMulti	16	static
../Core/Src/ht16k33.c:279:6:seg7_displayIntMulti	16	static
