../Drivers/CMSIS/Include/core_cm3.h:1876:26:ITM_SendChar	16	static,ignoring_inline_asm
../Core/Src/main.c:94:5:main	24	static
../Core/Src/main.c:204:6:SystemClock_Config	88	static
../Core/Src/main.c:248:13:MX_ADC1_Init	24	static
../Core/Src/main.c:314:13:MX_I2C2_Init	8	static
../Core/Src/main.c:348:13:MX_TIM1_Init	96	static
../Core/Src/main.c:427:13:MX_TIM2_Init	80	static
../Core/Src/main.c:497:13:MX_TIM4_Init	80	static
../Core/Src/main.c:567:13:MX_GPIO_Init	40	static
../Core/Src/main.c:647:5:_write	32	static
../Core/Src/main.c:656:6:POS_PulseFinishedCallback	16	static
../Core/Src/main.c:662:6:HAL_GPIO_EXTI_Callback	16	static,ignoring_inline_asm
../Core/Src/main.c:695:5:Set_Led_Output	16	static
../Core/Src/main.c:711:5:Toggle_Led_Output	16	static
../Core/Src/main.c:720:5:E_Stop_Call	16	static
../Core/Src/main.c:747:6:Error_Handler	8	static,ignoring_inline_asm
