../Drivers/CMSIS/Include/core_cm3.h:1876:26:ITM_SendChar	16	static,ignoring_inline_asm
../Core/Src/main.c:100:5:main	24	static
../Core/Src/main.c:234:6:SystemClock_Config	88	static
../Core/Src/main.c:278:13:MX_ADC1_Init	24	static
../Core/Src/main.c:344:13:MX_I2C2_Init	8	static
../Core/Src/main.c:378:13:MX_TIM1_Init	96	static
../Core/Src/main.c:457:13:MX_TIM2_Init	64	static
../Core/Src/main.c:520:13:MX_TIM3_Init	32	static
../Core/Src/main.c:565:13:MX_TIM4_Init	64	static
../Core/Src/main.c:628:13:MX_GPIO_Init	40	static
../Core/Src/main.c:698:5:_write	32	static
../Core/Src/main.c:715:6:CheckSWCallback	24	static
../Core/Src/main.c:763:5:Set_Led_Output	16	static
../Core/Src/main.c:779:5:Toggle_Led_Output	16	static
../Core/Src/main.c:788:5:E_Stop_Call	16	static
../Core/Src/main.c:815:6:Error_Handler	8	static,ignoring_inline_asm
