../Drivers/CMSIS/Include/core_cm3.h:1876:26:ITM_SendChar	16	static,ignoring_inline_asm
../Core/Src/syscalls.c:44:6:initialise_monitor_handles	4	static
../Core/Src/syscalls.c:48:5:_getpid	4	static
../Core/Src/syscalls.c:53:5:_kill	16	static
../Core/Src/syscalls.c:61:6:_exit	16	static
../Core/Src/syscalls.c:67:27:_read	32	static
../Core/Src/syscalls.c:80:27:_write	32	static
../Core/Src/syscalls.c:90:5:_close	16	static
../Core/Src/syscalls.c:97:5:_fstat	16	static
../Core/Src/syscalls.c:104:5:_isatty	16	static
../Core/Src/syscalls.c:110:5:_lseek	24	static
../Core/Src/syscalls.c:118:5:_open	12	static
../Core/Src/syscalls.c:126:5:_wait	16	static
../Core/Src/syscalls.c:133:5:_unlink	16	static
../Core/Src/syscalls.c:140:5:_times	16	static
../Core/Src/syscalls.c:146:5:_stat	16	static
../Core/Src/syscalls.c:153:5:_link	16	static
../Core/Src/syscalls.c:161:5:_fork	8	static
../Core/Src/syscalls.c:167:5:_execve	24	static
