Archive member included to satisfy reference by file (symbol)

C:/PROGRA~2/ARMGNU~1/13C7F1~1.2RE/bin/../lib/gcc/arm-none-eabi/13.2.1/thumb/v7-m/nofp\libc.a(libc_a-exit.o)
                              C:/PROGRA~2/ARMGNU~1/13C7F1~1.2RE/bin/../lib/gcc/arm-none-eabi/13.2.1/thumb/v7-m/nofp/crt0.o (exit)
C:/PROGRA~2/ARMGNU~1/13C7F1~1.2RE/bin/../lib/gcc/arm-none-eabi/13.2.1/thumb/v7-m/nofp\libc.a(libc_a-findfp.o)
                              C:/PROGRA~2/ARMGNU~1/13C7F1~1.2RE/bin/../lib/gcc/arm-none-eabi/13.2.1/thumb/v7-m/nofp\libc.a(libc_a-exit.o) (__stdio_exit_handler)
C:/PROGRA~2/ARMGNU~1/13C7F1~1.2RE/bin/../lib/gcc/arm-none-eabi/13.2.1/thumb/v7-m/nofp\libc.a(libc_a-fwalk.o)
                              C:/PROGRA~2/ARMGNU~1/13C7F1~1.2RE/bin/../lib/gcc/arm-none-eabi/13.2.1/thumb/v7-m/nofp\libc.a(libc_a-findfp.o) (_fwalk_sglue)
C:/PROGRA~2/ARMGNU~1/13C7F1~1.2RE/bin/../lib/gcc/arm-none-eabi/13.2.1/thumb/v7-m/nofp\libc.a(libc_a-printf.o)
                              CMakeFiles/Tennismaschine.elf.dir/Core/Src/machine_programs.c.obj (printf)
C:/PROGRA~2/ARMGNU~1/13C7F1~1.2RE/bin/../lib/gcc/arm-none-eabi/13.2.1/thumb/v7-m/nofp\libc.a(libc_a-puts.o)
                              CMakeFiles/Tennismaschine.elf.dir/Core/Src/machine_programs.c.obj (puts)
C:/PROGRA~2/ARMGNU~1/13C7F1~1.2RE/bin/../lib/gcc/arm-none-eabi/13.2.1/thumb/v7-m/nofp\libc.a(libc_a-stdio.o)
                              C:/PROGRA~2/ARMGNU~1/13C7F1~1.2RE/bin/../lib/gcc/arm-none-eabi/13.2.1/thumb/v7-m/nofp\libc.a(libc_a-findfp.o) (__sread)
C:/PROGRA~2/ARMGNU~1/13C7F1~1.2RE/bin/../lib/gcc/arm-none-eabi/13.2.1/thumb/v7-m/nofp\libc.a(libc_a-memset.o)
                              C:/PROGRA~2/ARMGNU~1/13C7F1~1.2RE/bin/../lib/gcc/arm-none-eabi/13.2.1/thumb/v7-m/nofp/crt0.o (memset)
C:/PROGRA~2/ARMGNU~1/13C7F1~1.2RE/bin/../lib/gcc/arm-none-eabi/13.2.1/thumb/v7-m/nofp\libc.a(libc_a-closer.o)
                              C:/PROGRA~2/ARMGNU~1/13C7F1~1.2RE/bin/../lib/gcc/arm-none-eabi/13.2.1/thumb/v7-m/nofp\libc.a(libc_a-stdio.o) (_close_r)
C:/PROGRA~2/ARMGNU~1/13C7F1~1.2RE/bin/../lib/gcc/arm-none-eabi/13.2.1/thumb/v7-m/nofp\libc.a(libc_a-reent.o)
                              C:/PROGRA~2/ARMGNU~1/13C7F1~1.2RE/bin/../lib/gcc/arm-none-eabi/13.2.1/thumb/v7-m/nofp\libc.a(libc_a-closer.o) (errno)
C:/PROGRA~2/ARMGNU~1/13C7F1~1.2RE/bin/../lib/gcc/arm-none-eabi/13.2.1/thumb/v7-m/nofp\libc.a(libc_a-impure.o)
                              C:/PROGRA~2/ARMGNU~1/13C7F1~1.2RE/bin/../lib/gcc/arm-none-eabi/13.2.1/thumb/v7-m/nofp\libc.a(libc_a-printf.o) (_impure_ptr)
C:/PROGRA~2/ARMGNU~1/13C7F1~1.2RE/bin/../lib/gcc/arm-none-eabi/13.2.1/thumb/v7-m/nofp\libc.a(libc_a-lseekr.o)
                              C:/PROGRA~2/ARMGNU~1/13C7F1~1.2RE/bin/../lib/gcc/arm-none-eabi/13.2.1/thumb/v7-m/nofp\libc.a(libc_a-stdio.o) (_lseek_r)
C:/PROGRA~2/ARMGNU~1/13C7F1~1.2RE/bin/../lib/gcc/arm-none-eabi/13.2.1/thumb/v7-m/nofp\libc.a(libc_a-readr.o)
                              C:/PROGRA~2/ARMGNU~1/13C7F1~1.2RE/bin/../lib/gcc/arm-none-eabi/13.2.1/thumb/v7-m/nofp\libc.a(libc_a-stdio.o) (_read_r)
C:/PROGRA~2/ARMGNU~1/13C7F1~1.2RE/bin/../lib/gcc/arm-none-eabi/13.2.1/thumb/v7-m/nofp\libc.a(libc_a-writer.o)
                              C:/PROGRA~2/ARMGNU~1/13C7F1~1.2RE/bin/../lib/gcc/arm-none-eabi/13.2.1/thumb/v7-m/nofp\libc.a(libc_a-stdio.o) (_write_r)
C:/PROGRA~2/ARMGNU~1/13C7F1~1.2RE/bin/../lib/gcc/arm-none-eabi/13.2.1/thumb/v7-m/nofp\libc.a(libc_a-errno.o)
                              CMakeFiles/Tennismaschine.elf.dir/Core/Src/syscalls.c.obj (__errno)
C:/PROGRA~2/ARMGNU~1/13C7F1~1.2RE/bin/../lib/gcc/arm-none-eabi/13.2.1/thumb/v7-m/nofp\libc.a(libc_a-init.o)
                              C:/PROGRA~2/ARMGNU~1/13C7F1~1.2RE/bin/../lib/gcc/arm-none-eabi/13.2.1/thumb/v7-m/nofp/crt0.o (__libc_init_array)
C:/PROGRA~2/ARMGNU~1/13C7F1~1.2RE/bin/../lib/gcc/arm-none-eabi/13.2.1/thumb/v7-m/nofp\libc.a(libc_a-lock.o)
                              C:/PROGRA~2/ARMGNU~1/13C7F1~1.2RE/bin/../lib/gcc/arm-none-eabi/13.2.1/thumb/v7-m/nofp\libc.a(libc_a-findfp.o) (__retarget_lock_init_recursive)
C:/PROGRA~2/ARMGNU~1/13C7F1~1.2RE/bin/../lib/gcc/arm-none-eabi/13.2.1/thumb/v7-m/nofp\libc.a(libc_a-strlen-stub.o)
                              C:/PROGRA~2/ARMGNU~1/13C7F1~1.2RE/bin/../lib/gcc/arm-none-eabi/13.2.1/thumb/v7-m/nofp\libc.a(libc_a-puts.o) (strlen)
C:/PROGRA~2/ARMGNU~1/13C7F1~1.2RE/bin/../lib/gcc/arm-none-eabi/13.2.1/thumb/v7-m/nofp\libc.a(libc_a-__call_atexit.o)
                              C:/PROGRA~2/ARMGNU~1/13C7F1~1.2RE/bin/../lib/gcc/arm-none-eabi/13.2.1/thumb/v7-m/nofp\libc.a(libc_a-exit.o) (__call_exitprocs)
C:/PROGRA~2/ARMGNU~1/13C7F1~1.2RE/bin/../lib/gcc/arm-none-eabi/13.2.1/thumb/v7-m/nofp\libc.a(libc_a-atexit.o)
                              C:/PROGRA~2/ARMGNU~1/13C7F1~1.2RE/bin/../lib/gcc/arm-none-eabi/13.2.1/thumb/v7-m/nofp\libc.a(libc_a-__call_atexit.o) (atexit)
C:/PROGRA~2/ARMGNU~1/13C7F1~1.2RE/bin/../lib/gcc/arm-none-eabi/13.2.1/thumb/v7-m/nofp\libc.a(libc_a-freer.o)
[...]
Memory Configuration

Name             Origin             Length             Attributes
RAM              0x20000000         0x00005000         xrw
FLASH            0x08000000         0x00020000         xr
*default*        0x00000000         0xffffffff

Linker script and memory map

LOAD C:/PROGRA~2/ARMGNU~1/13C7F1~1.2RE/bin/../lib/gcc/arm-none-eabi/13.2.1/thumb/v7-m/nofp/crti.o
LOAD C:/PROGRA~2/ARMGNU~1/13C7F1~1.2RE/bin/../lib/gcc/arm-none-eabi/13.2.1/thumb/v7-m/nofp/crtbegin.o
LOAD C:/PROGRA~2/ARMGNU~1/13C7F1~1.2RE/bin/../lib/gcc/arm-none-eabi/13.2.1/thumb/v7-m/nofp/crt0.o
LOAD CMakeFiles/Tennismaschine.elf.dir/Core/Src/machine_programs.c.obj
LOAD CMakeFiles/Tennismaschine.elf.dir/Core/Src/main.c.obj
LOAD CMakeFiles/Tennismaschine.elf.dir/Core/Src/stm32f1xx_hal_msp.c.obj
LOAD CMakeFiles/Tennismaschine.elf.dir/Core/Src/stm32f1xx_it.c.obj
LOAD CMakeFiles/Tennismaschine.elf.dir/Core/Src/syscalls.c.obj
LOAD CMakeFiles/Tennismaschine.elf.dir/Core/Src/sysmem.c.obj
LOAD CMakeFiles/Tennismaschine.elf.dir/Core/Src/system_stm32f1xx.c.obj
LOAD CMakeFiles/Tennismaschine.elf.dir/Core/Startup/startup_stm32f103rbtx.s.obj
LOAD CMakeFiles/Tennismaschine.elf.dir/Drivers/STM32F1xx_HAL_Driver/Src/stm32f1xx_hal.c.obj
LOAD CMakeFiles/Tennismaschine.elf.dir/Drivers/STM32F1xx_HAL_Driver/Src/stm32f1xx_hal_adc.c.obj
LOAD CMakeFiles/Tennismaschine.elf.dir/Drivers/STM32F1xx_HAL_Driver/Src/stm32f1xx_hal_adc_ex.c.obj
LOAD CMakeFiles/Tennismaschine.elf.dir/Drivers/STM32F1xx_HAL_Driver/Src/stm32f1xx_hal_cortex.c.obj
LOAD CMakeFiles/Tennismaschine.elf.dir/Drivers/STM32F1xx_HAL_Driver/Src/stm32f1xx_hal_dma.c.obj
LOAD CMakeFiles/Tennismaschine.elf.dir/Drivers/STM32F1xx_HAL_Driver/Src/stm32f1xx_hal_exti.c.obj
LOAD CMakeFiles/Tennismaschine.elf.dir/Drivers/STM32F1xx_HAL_Driver/Src/stm32f1xx_hal_flash.c.obj
LOAD CMakeFiles/Tennismaschine.elf.dir/Drivers/STM32F1xx_HAL_Driver/Src/stm32f1xx_hal_flash_ex.c.obj
LOAD CMakeFiles/Tennismaschine.elf.dir/Drivers/STM32F1xx_HAL_Driver/Src/stm32f1xx_hal_gpio.c.obj
LOAD CMakeFiles/Tennismaschine.elf.dir/Drivers/STM32F1xx_HAL_Driver/Src/stm32f1xx_hal_gpio_ex.c.obj
LOAD CMakeFiles/Tennismaschine.elf.dir/Drivers/STM32F1xx_HAL_Driver/Src/stm32f1xx_hal_i2c.c.obj
LOAD CMakeFiles/Tennismaschine.elf.dir/Drivers/STM32F1xx_HAL_Driver/Src/stm32f1xx_hal_pwr.c.obj
LOAD CMakeFiles/Tennismaschine.elf.dir/Drivers/STM32F1xx_HAL_Driver/Src/stm32f1xx_hal_rcc.c.obj
LOAD CMakeFiles/Tennismaschine.elf.dir/Drivers/STM32F1xx_HAL_Driver/Src/stm32f1xx_hal_rcc_ex.c.obj
LOAD CMakeFiles/Tennismaschine.elf.dir/Drivers/STM32F1xx_HAL_Driver/Src/stm32f1xx_hal_tim.c.obj
LOAD CMakeFiles/Tennismaschine.elf.dir/Drivers/STM32F1xx_HAL_Driver/Src/stm32f1xx_hal_tim_ex.c.obj
START GROUP
LOAD C:/PROGRA~2/ARMGNU~1/13C7F1~1.2RE/bin/../lib/gcc/arm-none-eabi/13.2.1/thumb/v7-m/nofp\libgcc.a
LOAD C:/PROGRA~2/ARMGNU~1/13C7F1~1.2RE/bin/../lib/gcc/arm-none-eabi/13.2.1/thumb/v7-m/nofp\libc.a
END GROUP
LOAD C:/PROGRA~2/ARMGNU~1/13C7F1~1.2RE/bin/../lib/gcc/arm-none-eabi/13.2.1/thumb/v7-m/nofp/crtend.o
LOAD C:/PROGRA~2/ARMGNU~1/13C7F1~1.2RE/bin/../lib/gcc/arm-none-eabi/13.2.1/thumb/v7-m/nofp/crtn.o
                0x20005000                        _estack = (ORIGIN (RAM) + LENGTH (RAM))
                0x00000200                        _Min_Heap_Size = 0x200
                0x00000400                        _Min_Stack_Size = 0x400

.isr_vector     0x08000000      0x10c
                0x08000000                        . = ALIGN (0x4)
 *(.isr_vector)
 .isr_vector    0x08000000      0x10c CMakeFiles/Tennismaschine.elf.dir/Core/Startup/startup_stm32f103rbtx.s.obj
                0x08000000                g_pfnVectors
                0x0800010c                        . = ALIGN (0x4)

.text           0x08000110     0x9138
                0x08000110                        . = ALIGN (0x4)
 *(.text)
 .text          0x08000110       0xec C:/PROGRA~2/ARMGNU~1/13C7F1~1.2RE/bin/../lib/gcc/arm-none-eabi/13.2.1/thumb/v7-m/nofp\libc.a(libc_a-memcpy.o)
                0x08000110                memcpy
 .text          0x080001fc      0x378 C:/PROGRA~2/ARMGNU~1/13C7F1~1.2RE/bin/../lib/gcc/arm-none-eabi/13.2.1/thumb/v7-m/nofp\libgcc.a(_arm_addsubdf3.o)
                0x080001fc                __aeabi_drsub
                0x08000204                __aeabi_dsub
                0x08000204                __subdf3
                0x08000208                __aeabi_dadd
                0x08000208                __adddf3
                0x08000480                __floatunsidf
                0x08000480                __aeabi_ui2d
                0x080004a0                __floatsidf
                0x080004a0                __aeabi_i2d
                0x080004c4                __aeabi_f2d
                0x080004c4                __extendsfdf2
                0x08000508                __floatundidf
                0x08000508                __aeabi_ul2d
                0x08000518                __floatdidf
                0x08000518                __aeabi_l2d
 .text          0x08000574      0x424 C:/PROGRA~2/ARMGNU~1/13C7F1~1.2RE/bin/../lib/gcc/arm-none-eabi/13.2.1/thumb/v7-m/nofp\libgcc.a(_arm_muldivdf3.o)
                0x08000574                __aeabi_dmul
                0x08000574                __muldf3
                0x080007c8                __divdf3
                0x080007c8                __aeabi_ddiv
 .text          0x08000998      0x110 C:/PROGRA~2/ARMGNU~1/13C7F1~1.2RE/bin/../lib/gcc/arm-none-eabi/13.2.1/thumb/v7-m/nofp\libgcc.a(_arm_cmpdf2.o)
                0x08000998                __gtdf2
                0x08000998                __gedf2
                0x080009a0                __ltdf2
                0x080009a0                __ledf2
                0x080009a8                __nedf2
                0x080009a8                __eqdf2
                0x080009a8                __cmpdf2
                0x08000a24                __aeabi_cdrcmple
                0x08000a34                __aeabi_cdcmpeq
                0x08000a34                __aeabi_cdcmple
                0x08000a44                __aeabi_dcmpeq
                0x08000a58                __aeabi_dcmplt
                0x08000a6c                __aeabi_dcmple
                0x08000a80                __aeabi_dcmpge
                0x08000a94                __aeabi_dcmpgt
 .text          0x08000aa8       0x2c C:/PROGRA~2/ARMGNU~1/13C7F1~1.2RE/bin/../lib/gcc/arm-none-eabi/13.2.1/thumb/v7-m/nofp\libgcc.a(_arm_unorddf2.o)
                0x08000aa8                __unorddf2
                0x08000aa8                __aeabi_dcmpun
 .text          0x08000ad4       0x50 C:/PROGRA~2/ARMGNU~1/13C7F1~1.2RE/bin/../lib/gcc/arm-none-eabi/13.2.1/thumb/v7-m/nofp\libgcc.a(_arm_fixdfsi.o)
                0x08000ad4                __aeabi_d2iz
                0x08000ad4                __fixdfsi
 *(.text*)
 .text.deregister_tm_clones
                0x08000b24       0x1c C:/PROGRA~2/ARMGNU~1/13C7F1~1.2RE/bin/../lib/gcc/arm-none-eabi/13.2.1/thumb/v7-m/nofp/crtbegin.o
 .text.register_tm_clones
                0x08000b40       0x24 C:/PROGRA~2/ARMGNU~1/13C7F1~1.2RE/bin/../lib/gcc/arm-none-eabi/13.2.1/thumb/v7-m/nofp/crtbegin.o
 .text.__do_global_dtors_aux
                0x08000b64       0x28 C:/PROGRA~2/ARMGNU~1/13C7F1~1.2RE/bin/../lib/gcc/arm-none-eabi/13.2.1/thumb/v7-m/nofp/crtbegin.o
 .text.frame_dummy
                0x08000b8c       0x24 C:/PROGRA~2/ARMGNU~1/13C7F1~1.2RE/bin/../lib/gcc/arm-none-eabi/13.2.1/thumb/v7-m/nofp/crtbegin.o
 .text.home_pos_drive
                0x08000bb0        0x4 CMakeFiles/Tennismaschine.elf.dir/Core/Src/machine_programs.c.obj
                0x08000bb0                home_pos_drive
 .text.pgm_stop
                0x08000bb4       0x24 CMakeFiles/Tennismaschine.elf.dir/Core/Src/machine_programs.c.obj
                0x08000bb4                pgm_stop
 .text.pgm_manual
                0x08000bd8       0x98 CMakeFiles/Tennismaschine.elf.dir/Core/Src/machine_programs.c.obj
                0x08000bd8                pgm_manual
 .text.pgm_auto_speed
                0x08000c70        0x2 CMakeFiles/Tennismaschine.elf.dir/Core/Src/machine_programs.c.obj
                0x08000c70                pgm_auto_speed
 .text.pgm_auto
                0x08000c72        0x2 CMakeFiles/Tennismaschine.elf.dir/Core/Src/machine_programs.c.obj
                0x08000c72                pgm_auto
 .text.ITM_SendChar
                0x08000c74       0x34 CMakeFiles/Tennismaschine.elf.dir/Core/Src/main.c.obj
 .text.MX_GPIO_Init
                0x08000ca8      0x114 CMakeFiles/Tennismaschine.elf.dir/Core/Src/main.c.obj
 .text._write   0x08000dbc       0x1c CMakeFiles/Tennismaschine.elf.dir/Core/Src/main.c.obj
                0x08000dbc                _write
 .text.Error_Handler
                0x08000dd8        0x4 CMakeFiles/Tennismaschine.elf.dir/Core/Src/main.c.obj
                0x08000dd8                Error_Handler
 .text.MX_ADC1_Init
                0x08000ddc       0x8c CMakeFiles/Tennismaschine.elf.dir/Core/Src/main.c.obj
 .text.MX_I2C2_Init
                0x08000e68       0x38 CMakeFiles/Tennismaschine.elf.dir/Core/Src/main.c.obj
 .text.MX_TIM1_Init
                0x08000ea0       0xf0 CMakeFiles/Tennismaschine.elf.dir/Core/Src/main.c.obj
 .text.SystemClock_Config
                0x08000f90       0x70 CMakeFiles/Tennismaschine.elf.dir/Core/Src/main.c.obj
                0x08000f90                SystemClock_Config
 .text.main     0x08001000       0xac CMakeFiles/Tennismaschine.elf.dir/Core/Src/main.c.obj
                0x08001000                main
 .text.HAL_MspInit
                0x080010ac       0x44 CMakeFiles/Tennismaschine.elf.dir/Core/Src/stm32f1xx_hal_msp.c.obj
                0x080010ac                HAL_MspInit
 .text.HAL_ADC_MspInit
                0x080010f0       0x60 CMakeFiles/Tennismaschine.elf.dir/Core/Src/stm32f1xx_hal_msp.c.obj
                0x080010f0                HAL_ADC_MspInit
 .text.HAL_I2C_MspInit
                0x08001150       0x64 CMakeFiles/Tennismaschine.elf.dir/Core/Src/stm32f1xx_hal_msp.c.obj
                0x08001150                HAL_I2C_MspInit
 .text.HAL_TIM_Base_MspInit
                0x080011b4       0x2c CMakeFiles/Tennismaschine.elf.dir/Core/Src/stm32f1xx_hal_msp.c.obj
                0x080011b4                HAL_TIM_Base_MspInit
 .text.HAL_TIM_MspPostInit
                0x080011e0       0x54 CMakeFiles/Tennismaschine.elf.dir/Core/Src/stm32f1xx_hal_msp.c.obj
                0x080011e0                HAL_TIM_MspPostInit
 .text.NMI_Handler
                0x08001234        0x2 CMakeFiles/Tennismaschine.elf.dir/Core/Src/stm32f1xx_it.c.obj
                0x08001234                NMI_Handler
 .text.HardFault_Handler
                0x08001236        0x2 CMakeFiles/Tennismaschine.elf.dir/Core/Src/stm32f1xx_it.c.obj
                0x08001236                HardFault_Handler
 .text.MemManage_Handler
                0x08001238        0x2 CMakeFiles/Tennismaschine.elf.dir/Core/Src/stm32f1xx_it.c.obj
                0x08001238                MemManage_Handler
 .text.BusFault_Handler
                0x0800123a        0x2 CMakeFiles/Tennismaschine.elf.dir/Core/Src/stm32f1xx_it.c.obj
                0x0800123a                BusFault_Handler
 .text.UsageFault_Handler
                0x0800123c        0x2 CMakeFiles/Tennismaschine.elf.dir/Core/Src/stm32f1xx_it.c.obj
                0x0800123c                UsageFault_Handler
 .text.SVC_Handler
                0x0800123e        0x2 CMakeFiles/Tennismaschine.elf.dir/Core/Src/stm32f1xx_it.c.obj
                0x0800123e                SVC_Handler
 .text.DebugMon_Handler
                0x08001240        0x2 CMakeFiles/Tennismaschine.elf.dir/Core/Src/stm32f1xx_it.c.obj
                0x08001240                DebugMon_Handler
 .text.PendSV_Handler
                0x08001242        0x2 CMakeFiles/Tennismaschine.elf.dir/Core/Src/stm32f1xx_it.c.obj
                0x08001242                PendSV_Handler
 .text.SysTick_Handler
                0x08001244        0x8 CMakeFiles/Tennismaschine.elf.dir/Core/Src/stm32f1xx_it.c.obj
                0x08001244                SysTick_Handler
 .text._getpid  0x0800124c        0x4 CMakeFiles/Tennismaschine.elf.dir/Core/Src/syscalls.c.obj
                0x0800124c                _getpid
 .text._kill    0x08001250       0x10 CMakeFiles/Tennismaschine.elf.dir/Core/Src/syscalls.c.obj
                0x08001250                _kill
 .text._exit    0x08001260        0xc CMakeFiles/Tennismaschine.elf.dir/Core/Src/syscalls.c.obj
                0x08001260                _exit
 .text._read    0x0800126c       0x20 CMakeFiles/Tennismaschine.elf.dir/Core/Src/syscalls.c.obj
                0x0800126c                _read
 .text._close   0x0800128c        0x6 CMakeFiles/Tennismaschine.elf.dir/Core/Src/syscalls.c.obj
                0x0800128c                _close
 .text._fstat   0x08001292        0xa CMakeFiles/Tennismaschine.elf.dir/Core/Src/syscalls.c.obj
                0x08001292                _fstat
 .text._isatty  0x0800129c        0x4 CMakeFiles/Tennismaschine.elf.dir/Core/Src/syscalls.c.obj
                0x0800129c                _isatty
 .text._lseek   0x080012a0        0x4 CMakeFiles/Tennismaschine.elf.dir/Core/Src/syscalls.c.obj
                0x080012a0                _lseek
 .text._sbrk    0x080012a4       0x48 CMakeFiles/Tennismaschine.elf.dir/Core/Src/sysmem.c.obj
                0x080012a4                _sbrk
 .text.SystemInit
                0x080012ec        0x2 CMakeFiles/Tennismaschine.elf.dir/Core/Src/system_stm32f1xx.c.obj
                0x080012ec                SystemInit
 *fill*         0x080012ee        0x2 
 .text.Reset_Handler
                0x080012f0       0x48 CMakeFiles/Tennismaschine.elf.dir/Core/Startup/startup_stm32f103rbtx.s.obj
                0x080012f0                Reset_Handler
 .text.Default_Handler
                0x08001338        0x2 CMakeFiles/Tennismaschine.elf.dir/Core/Startup/startup_stm32f103rbtx.s.obj
                0x08001338                RTC_Alarm_IRQHandler
                0x08001338                EXTI2_IRQHandler
                0x08001338                TIM1_CC_IRQHandler
                0x08001338                PVD_IRQHandler
                0x08001338                EXTI3_IRQHandler
                0x08001338                EXTI0_IRQHandler
                0x08001338                I2C2_EV_IRQHandler
                0x08001338                ADC1_2_IRQHandler
                0x08001338                SPI1_IRQHandler
                0x08001338                TAMPER_IRQHandler
                0x08001338                DMA1_Channel4_IRQHandler
                0x08001338                USART3_IRQHandler
                0x08001338                RTC_IRQHandler
                0x08001338                DMA1_Channel7_IRQHandler
                0x08001338                CAN1_RX1_IRQHandler
                0x08001338                TIM4_IRQHandler
                0x08001338                I2C1_EV_IRQHandler
                0x08001338                DMA1_Channel6_IRQHandler
                0x08001338                TIM3_IRQHandler
                0x08001338                RCC_IRQHandler
                0x08001338                TIM1_TRG_COM_IRQHandler
                0x08001338                DMA1_Channel1_IRQHandler
                0x08001338                Default_Handler
                0x08001338                EXTI15_10_IRQHandler
                0x08001338                EXTI9_5_IRQHandler
                0x08001338                SPI2_IRQHandler
                0x08001338                DMA1_Channel5_IRQHandler
                0x08001338                EXTI4_IRQHandler
                0x08001338                USB_LP_CAN1_RX0_IRQHandler
                0x08001338                USB_HP_CAN1_TX_IRQHandler
                0x08001338                DMA1_Channel3_IRQHandler
                0x08001338                TIM1_UP_IRQHandler
                0x08001338                WWDG_IRQHandler
                0x08001338                TIM2_IRQHandler
                0x08001338                TIM1_BRK_IRQHandler
                0x08001338                EXTI1_IRQHandler
                0x08001338                USART2_IRQHandler
                0x08001338                I2C2_ER_IRQHandler
                0x08001338                DMA1_Channel2_IRQHandler
                0x08001338                CAN1_SCE_IRQHandler
                0x08001338                FLASH_IRQHandler
                0x08001338                USART1_IRQHandler
                0x08001338                I2C1_ER_IRQHandler
                0x08001338                USBWakeUp_IRQHandler
 *fill*         0x0800133a        0x2 
 .text.HAL_InitTick
                0x0800133c       0x4c CMakeFiles/Tennismaschine.elf.dir/Drivers/STM32F1xx_HAL_Driver/Src/stm32f1xx_hal.c.obj
                0x0800133c                HAL_InitTick
 .text.HAL_Init
                0x08001388       0x24 CMakeFiles/Tennismaschine.elf.dir/Drivers/STM32F1xx_HAL_Driver/Src/stm32f1xx_hal.c.obj
                0x08001388                HAL_Init
 .text.HAL_IncTick
                0x080013ac       0x18 CMakeFiles/Tennismaschine.elf.dir/Drivers/STM32F1xx_HAL_Driver/Src/stm32f1xx_hal.c.obj
                0x080013ac                HAL_IncTick
 .text.HAL_GetTick
                0x080013c4        0xc CMakeFiles/Tennismaschine.elf.dir/Drivers/STM32F1xx_HAL_Driver/Src/stm32f1xx_hal.c.obj
                0x080013c4                HAL_GetTick
 .text.HAL_ADC_PollForConversion
                0x080013d0      0x184 CMakeFiles/Tennismaschine.elf.dir/Drivers/STM32F1xx_HAL_Driver/Src/stm32f1xx_hal_adc.c.obj
                0x080013d0                HAL_ADC_PollForConversion
 .text.HAL_ADC_GetValue
                0x08001554        0x6 CMakeFiles/Tennismaschine.elf.dir/Drivers/STM32F1xx_HAL_Driver/Src/stm32f1xx_hal_adc.c.obj
                0x08001554                HAL_ADC_GetValue
 *fill*         0x0800155a        0x2 
 .text.HAL_ADC_ConfigChannel
                0x0800155c      0x140 CMakeFiles/Tennismaschine.elf.dir/Drivers/STM32F1xx_HAL_Driver/Src/stm32f1xx_hal_adc.c.obj
                0x0800155c                HAL_ADC_ConfigChannel
 .text.ADC_Enable
                0x0800169c       0x88 CMakeFiles/Tennismaschine.elf.dir/Drivers/STM32F1xx_HAL_Driver/Src/stm32f1xx_hal_adc.c.obj
                0x0800169c                ADC_Enable
 .text.HAL_ADC_Start
                0x08001724       0xe8 CMakeFiles/Tennismaschine.elf.dir/Drivers/STM32F1xx_HAL_Driver/Src/stm32f1xx_hal_adc.c.obj
                0x08001724                HAL_ADC_Start
 .text.ADC_ConversionStop_Disable
                0x0800180c       0x56 CMakeFiles/Tennismaschine.elf.dir/Drivers/STM32F1xx_HAL_Driver/Src/stm32f1xx_hal_adc.c.obj
                0x0800180c                ADC_ConversionStop_Disable
 *fill*         0x08001862        0x2 
 .text.HAL_ADC_Init
                0x08001864      0x108 CMakeFiles/Tennismaschine.elf.dir/Drivers/STM32F1xx_HAL_Driver/Src/stm32f1xx_hal_adc.c.obj
                0x08001864                HAL_ADC_Init
 .text.__NVIC_SetPriority
                0x0800196c       0x28 CMakeFiles/Tennismaschine.elf.dir/Drivers/STM32F1xx_HAL_Driver/Src/stm32f1xx_hal_cortex.c.obj
 .text.NVIC_EncodePriority
                0x08001994       0x3e CMakeFiles/Tennismaschine.elf.dir/Drivers/STM32F1xx_HAL_Driver/Src/stm32f1xx_hal_cortex.c.obj
 *fill*         0x080019d2        0x2 
 .text.HAL_NVIC_SetPriorityGrouping
                0x080019d4       0x24 CMakeFiles/Tennismaschine.elf.dir/Drivers/STM32F1xx_HAL_Driver/Src/stm32f1xx_hal_cortex.c.obj
                0x080019d4                HAL_NVIC_SetPriorityGrouping
 .text.HAL_NVIC_SetPriority
                0x080019f8       0x20 CMakeFiles/Tennismaschine.elf.dir/Drivers/STM32F1xx_HAL_Driver/Src/stm32f1xx_hal_cortex.c.obj
                0x080019f8                HAL_NVIC_SetPriority
 .text.HAL_SYSTICK_Config
                0x08001a18       0x28 CMakeFiles/Tennismaschine.elf.dir/Drivers/STM32F1xx_HAL_Driver/Src/stm32f1xx_hal_cortex.c.obj
                0x08001a18                HAL_SYSTICK_Config
 .text.HAL_GPIO_Init
                0x08001a40      0x21c CMakeFiles/Tennismaschine.elf.dir/Drivers/STM32F1xx_HAL_Driver/Src/stm32f1xx_hal_gpio.c.obj
                0x08001a40                HAL_GPIO_Init
 .text.HAL_GPIO_ReadPin
                0x08001c5c        0xe CMakeFiles/Tennismaschine.elf.dir/Drivers/STM32F1xx_HAL_Driver/Src/stm32f1xx_hal_gpio.c.obj
                0x08001c5c                HAL_GPIO_ReadPin
 .text.HAL_GPIO_WritePin
                0x08001c6a        0xc CMakeFiles/Tennismaschine.elf.dir/Drivers/STM32F1xx_HAL_Driver/Src/stm32f1xx_hal_gpio.c.obj
                0x08001c6a                HAL_GPIO_WritePin
 *fill*         0x08001c76        0x2 
 .text.HAL_I2C_Init
                0x08001c78      0x1bc CMakeFiles/Tennismaschine.elf.dir/Drivers/STM32F1xx_HAL_Driver/Src/stm32f1xx_hal_i2c.c.obj
                0x08001c78                HAL_I2C_Init
 .text.RCC_Delay
                0x08001e34       0x2c CMakeFiles/Tennismaschine.elf.dir/Drivers/STM32F1xx_HAL_Driver/Src/stm32f1xx_hal_rcc.c.obj
 .text.HAL_RCC_OscConfig
                0x08001e60      0x410 CMakeFiles/Tennismaschine.elf.dir/Drivers/STM32F1xx_HAL_Driver/Src/stm32f1xx_hal_rcc.c.obj
                0x08001e60                HAL_RCC_OscConfig
 .text.HAL_RCC_GetSysClockFreq
                0x08002270       0x54 CMakeFiles/Tennismaschine.elf.dir/Drivers/STM32F1xx_HAL_Driver/Src/stm32f1xx_hal_rcc.c.obj
                0x08002270                HAL_RCC_GetSysClockFreq
 .text.HAL_RCC_ClockConfig
                0x080022c4      0x16c CMakeFiles/Tennismaschine.elf.dir/Drivers/STM32F1xx_HAL_Driver/Src/stm32f1xx_hal_rcc.c.obj
                0x080022c4                HAL_RCC_ClockConfig
 .text.HAL_RCC_GetHCLKFreq
                0x08002430        0xc CMakeFiles/Tennismaschine.elf.dir/Drivers/STM32F1xx_HAL_Driver/Src/stm32f1xx_hal_rcc.c.obj
                0x08002430                HAL_RCC_GetHCLKFreq
 .text.HAL_RCC_GetPCLK1Freq
                0x0800243c       0x20 CMakeFiles/Tennismaschine.elf.dir/Drivers/STM32F1xx_HAL_Driver/Src/stm32f1xx_hal_rcc.c.obj
                0x0800243c                HAL_RCC_GetPCLK1Freq
 .text.HAL_RCC_GetPCLK2Freq
                0x0800245c       0x20 CMakeFiles/Tennismaschine.elf.dir/Drivers/STM32F1xx_HAL_Driver/Src/stm32f1xx_hal_rcc.c.obj
                0x0800245c                HAL_RCC_GetPCLK2Freq
 .text.HAL_RCCEx_PeriphCLKConfig
                0x0800247c      0x118 CMakeFiles/Tennismaschine.elf.dir/Drivers/STM32F1xx_HAL_Driver/Src/stm32f1xx_hal_rcc_ex.c.obj
                0x0800247c                HAL_RCCEx_PeriphCLKConfig
 .text.HAL_RCCEx_GetPeriphCLKFreq
                0x08002594       0xd8 CMakeFiles/Tennismaschine.elf.dir/Drivers/STM32F1xx_HAL_Driver/Src/stm32f1xx_hal_rcc_ex.c.obj
                0x08002594                HAL_RCCEx_GetPeriphCLKFreq
 .text.TIM_OC1_SetConfig
                0x0800266c       0x54 CMakeFiles/Tennismaschine.elf.dir/Drivers/STM32F1xx_HAL_Driver/Src/stm32f1xx_hal_tim.c.obj
 .text.TIM_OC3_SetConfig
                0x080026c0       0x5c CMakeFiles/Tennismaschine.elf.dir/Drivers/STM32F1xx_HAL_Driver/Src/stm32f1xx_hal_tim.c.obj
 .text.TIM_OC4_SetConfig
                0x0800271c       0x48 CMakeFiles/Tennismaschine.elf.dir/Drivers/STM32F1xx_HAL_Driver/Src/stm32f1xx_hal_tim.c.obj
 .text.TIM_TI1_ConfigInputStage
                0x08002764       0x24 CMakeFiles/Tennismaschine.elf.dir/Drivers/STM32F1xx_HAL_Driver/Src/stm32f1xx_hal_tim.c.obj
 .text.TIM_TI2_ConfigInputStage
                0x08002788       0x26 CMakeFiles/Tennismaschine.elf.dir/Drivers/STM32F1xx_HAL_Driver/Src/stm32f1xx_hal_tim.c.obj
 .text.TIM_ITRx_SetConfig
                0x080027ae       0x10 CMakeFiles/Tennismaschine.elf.dir/Drivers/STM32F1xx_HAL_Driver/Src/stm32f1xx_hal_tim.c.obj
 .text.HAL_TIM_PWM_MspInit
                0x080027be        0x2 CMakeFiles/Tennismaschine.elf.dir/Drivers/STM32F1xx_HAL_Driver/Src/stm32f1xx_hal_tim.c.obj
                0x080027be                HAL_TIM_PWM_MspInit
 .text.TIM_Base_SetConfig
                0x080027c0       0x74 CMakeFiles/Tennismaschine.elf.dir/Drivers/STM32F1xx_HAL_Driver/Src/stm32f1xx_hal_tim.c.obj
                0x080027c0                TIM_Base_SetConfig
 .text.HAL_TIM_Base_Init
                0x08002834       0x58 CMakeFiles/Tennismaschine.elf.dir/Drivers/STM32F1xx_HAL_Driver/Src/stm32f1xx_hal_tim.c.obj
                0x08002834                HAL_TIM_Base_Init
 .text.HAL_TIM_PWM_Init
                0x0800288c       0x58 CMakeFiles/Tennismaschine.elf.dir/Drivers/STM32F1xx_HAL_Driver/Src/stm32f1xx_hal_tim.c.obj
                0x0800288c                HAL_TIM_PWM_Init
 .text.TIM_OC2_SetConfig
                0x080028e4       0x5c CMakeFiles/Tennismaschine.elf.dir/Drivers/STM32F1xx_HAL_Driver/Src/stm32f1xx_hal_tim.c.obj
                0x080028e4                TIM_OC2_SetConfig
 .text.HAL_TIM_PWM_ConfigChannel
                0x08002940       0xdc CMakeFiles/Tennismaschine.elf.dir/Drivers/STM32F1xx_HAL_Driver/Src/stm32f1xx_hal_tim.c.obj
                0x08002940                HAL_TIM_PWM_ConfigChannel
 .text.TIM_ETR_SetConfig
                0x08002a1c       0x18 CMakeFiles/Tennismaschine.elf.dir/Drivers/STM32F1xx_HAL_Driver/Src/stm32f1xx_hal_tim.c.obj
                0x08002a1c                TIM_ETR_SetConfig
 .text.HAL_TIM_ConfigClockSource
                0x08002a34       0xfe CMakeFiles/Tennismaschine.elf.dir/Drivers/STM32F1xx_HAL_Driver/Src/stm32f1xx_hal_tim.c.obj
                0x08002a34                HAL_TIM_ConfigClockSource
 .text.TIM_CCxChannelCmd
                0x08002b32       0x1e CMakeFiles/Tennismaschine.elf.dir/Drivers/STM32F1xx_HAL_Driver/Src/stm32f1xx_hal_tim.c.obj
                0x08002b32                TIM_CCxChannelCmd
 .text.HAL_TIM_PWM_Start
                0x08002b50       0xdc CMakeFiles/Tennismaschine.elf.dir/Drivers/STM32F1xx_HAL_Driver/Src/stm32f1xx_hal_tim.c.obj
                0x08002b50                HAL_TIM_PWM_Start
 .text.HAL_TIM_PWM_Stop
                0x08002c2c       0x84 CMakeFiles/Tennismaschine.elf.dir/Drivers/STM32F1xx_HAL_Driver/Src/stm32f1xx_hal_tim.c.obj
                0x08002c2c                HAL_TIM_PWM_Stop
 .text.HAL_TIMEx_MasterConfigSynchronization
                0x08002cb0       0x6c CMakeFiles/Tennismaschine.elf.dir/Drivers/STM32F1xx_HAL_Driver/Src/stm32f1xx_hal_tim_ex.c.obj
                0x08002cb0                HAL_TIMEx_MasterConfigSynchronization
 .text.HAL_TIMEx_ConfigBreakDeadTime
                0x08002d1c       0x52 CMakeFiles/Tennismaschine.elf.dir/Drivers/STM32F1xx_HAL_Driver/Src/stm32f1xx_hal_tim_ex.c.obj
                0x08002d1c                HAL_TIMEx_ConfigBreakDeadTime
 *fill*         0x08002d6e        0x2 
 .text.stdio_exit_handler
                0x08002d70       0x18 C:/PROGRA~2/ARMGNU~1/13C7F1~1.2RE/bin/../lib/gcc/arm-none-eabi/13.2.1/thumb/v7-m/nofp\libc.a(libc_a-findfp.o)
 .text.cleanup_stdio
                0x08002d88       0x40 C:/PROGRA~2/ARMGNU~1/13C7F1~1.2RE/bin/../lib/gcc/arm-none-eabi/13.2.1/thumb/v7-m/nofp\libc.a(libc_a-findfp.o)
 .text.global_stdio_init.part.0
                0x08002dc8       0xf0 C:/PROGRA~2/ARMGNU~1/13C7F1~1.2RE/bin/../lib/gcc/arm-none-eabi/13.2.1/thumb/v7-m/nofp\libc.a(libc_a-findfp.o)
 .text.__sinit  0x08002eb8       0x3c C:/PROGRA~2/ARMGNU~1/13C7F1~1.2RE/bin/../lib/gcc/arm-none-eabi/13.2.1/thumb/v7-m/nofp\libc.a(libc_a-findfp.o)
                0x08002eb8                __sinit
 .text.__sfp_lock_acquire
                0x08002ef4        0xc C:/PROGRA~2/ARMGNU~1/13C7F1~1.2RE/bin/../lib/gcc/arm-none-eabi/13.2.1/thumb/v7-m/nofp\libc.a(libc_a-findfp.o)
                0x08002ef4                __sfp_lock_acquire
 .text.__sfp_lock_release
                0x08002f00        0xc C:/PROGRA~2/ARMGNU~1/13C7F1~1.2RE/bin/../lib/gcc/arm-none-eabi/13.2.1/thumb/v7-m/nofp\libc.a(libc_a-findfp.o)
                0x08002f00                __sfp_lock_release
 .text._fwalk_sglue
                0x08002f0c       0x44 C:/PROGRA~2/ARMGNU~1/13C7F1~1.2RE/bin/../lib/gcc/arm-none-eabi/13.2.1/thumb/v7-m/nofp\libc.a(libc_a-fwalk.o)
                0x08002f0c                _fwalk_sglue
 .text.printf   0x08002f50       0x28 C:/PROGRA~2/ARMGNU~1/13C7F1~1.2RE/bin/../lib/gcc/arm-none-eabi/13.2.1/thumb/v7-m/nofp\libc.a(libc_a-printf.o)
                0x08002f50                printf
 .text._puts_r  0x08002f78       0x98 C:/PROGRA~2/ARMGNU~1/13C7F1~1.2RE/bin/../lib/gcc/arm-none-eabi/13.2.1/thumb/v7-m/nofp\libc.a(libc_a-puts.o)
                0x08002f78                _puts_r
 .text.puts     0x08003010       0x10 C:/PROGRA~2/ARMGNU~1/13C7F1~1.2RE/bin/../lib/gcc/arm-none-eabi/13.2.1/thumb/v7-m/nofp\libc.a(libc_a-puts.o)
                0x08003010                puts
 .text.__sread  0x08003020       0x24 C:/PROGRA~2/ARMGNU~1/13C7F1~1.2RE/bin/../lib/gcc/arm-none-eabi/13.2.1/thumb/v7-m/nofp\libc.a(libc_a-stdio.o)
                0x08003020                __sread
 .text.__swrite
                0x08003044       0x40 C:/PROGRA~2/ARMGNU~1/13C7F1~1.2RE/bin/../lib/gcc/arm-none-eabi/13.2.1/thumb/v7-m/nofp\libc.a(libc_a-stdio.o)
                0x08003044                __swrite
 .text.__sseek  0x08003084       0x24 C:/PROGRA~2/ARMGNU~1/13C7F1~1.2RE/bin/../lib/gcc/arm-none-eabi/13.2.1/thumb/v7-m/nofp\libc.a(libc_a-stdio.o)
                0x08003084                __sseek
 .text.__sclose
                0x080030a8        0x8 C:/PROGRA~2/ARMGNU~1/13C7F1~1.2RE/bin/../lib/gcc/arm-none-eabi/13.2.1/thumb/v7-m/nofp\libc.a(libc_a-stdio.o)
                0x080030a8                __sclose
 .text.memset   0x080030b0       0xa0 C:/PROGRA~2/ARMGNU~1/13C7F1~1.2RE/bin/../lib/gcc/arm-none-eabi/13.2.1/thumb/v7-m/nofp\libc.a(libc_a-memset.o)
                0x080030b0                memset
 .text._close_r
                0x08003150       0x24 C:/PROGRA~2/ARMGNU~1/13C7F1~1.2RE/bin/../lib/gcc/arm-none-eabi/13.2.1/thumb/v7-m/nofp\libc.a(libc_a-closer.o)
                0x08003150                _close_r
 .text._lseek_r
                0x08003174       0x2c C:/PROGRA~2/ARMGNU~1/13C7F1~1.2RE/bin/../lib/gcc/arm-none-eabi/13.2.1/thumb/v7-m/nofp\libc.a(libc_a-lseekr.o)
                0x08003174                _lseek_r
 .text._read_r  0x080031a0       0x2c C:/PROGRA~2/ARMGNU~1/13C7F1~1.2RE/bin/../lib/gcc/arm-none-eabi/13.2.1/thumb/v7-m/nofp\libc.a(libc_a-readr.o)
                0x080031a0                _read_r
 .text._write_r
                0x080031cc       0x2c C:/PROGRA~2/ARMGNU~1/13C7F1~1.2RE/bin/../lib/gcc/arm-none-eabi/13.2.1/thumb/v7-m/nofp\libc.a(libc_a-writer.o)
                0x080031cc                _write_r
 .text.__errno  0x080031f8        0xc C:/PROGRA~2/ARMGNU~1/13C7F1~1.2RE/bin/../lib/gcc/arm-none-eabi/13.2.1/thumb/v7-m/nofp\libc.a(libc_a-errno.o)
                0x080031f8                __errno
 .text.__libc_init_array
                0x08003204       0x50 C:/PROGRA~2/ARMGNU~1/13C7F1~1.2RE/bin/../lib/gcc/arm-none-eabi/13.2.1/thumb/v7-m/nofp\libc.a(libc_a-init.o)
                0x08003204                __libc_init_array
 .text.__retarget_lock_init_recursive
                0x08003254        0x4 C:/PROGRA~2/ARMGNU~1/13C7F1~1.2RE/bin/../lib/gcc/arm-none-eabi/13.2.1/thumb/v7-m/nofp\libc.a(libc_a-lock.o)
                0x08003254                __retarget_lock_init_recursive
 .text.__retarget_lock_close_recursive
                0x08003258        0x4 C:/PROGRA~2/ARMGNU~1/13C7F1~1.2RE/bin/../lib/gcc/arm-none-eabi/13.2.1/thumb/v7-m/nofp\libc.a(libc_a-lock.o)
                0x08003258                __retarget_lock_close_recursive
 .text.__retarget_lock_acquire_recursive
                0x0800325c        0x4 C:/PROGRA~2/ARMGNU~1/13C7F1~1.2RE/bin/../lib/gcc/arm-none-eabi/13.2.1/thumb/v7-m/nofp\libc.a(libc_a-lock.o)
                0x0800325c                __retarget_lock_acquire_recursive
 .text.__retarget_lock_release_recursive
                0x08003260        0x4 C:/PROGRA~2/ARMGNU~1/13C7F1~1.2RE/bin/../lib/gcc/arm-none-eabi/13.2.1/thumb/v7-m/nofp\libc.a(libc_a-lock.o)
                0x08003260                __retarget_lock_release_recursive
 .text.strlen   0x08003264       0x5c C:/PROGRA~2/ARMGNU~1/13C7F1~1.2RE/bin/../lib/gcc/arm-none-eabi/13.2.1/thumb/v7-m/nofp\libc.a(libc_a-strlen-stub.o)
                0x08003264                strlen
 .text.startup.register_fini
                0x080032c0       0x14 C:/PROGRA~2/ARMGNU~1/13C7F1~1.2RE/bin/../lib/gcc/arm-none-eabi/13.2.1/thumb/v7-m/nofp\libc.a(libc_a-__call_atexit.o)
 .text.atexit   0x080032d4        0xc C:/PROGRA~2/ARMGNU~1/13C7F1~1.2RE/bin/../lib/gcc/arm-none-eabi/13.2.1/thumb/v7-m/nofp\libc.a(libc_a-atexit.o)
                0x080032d4                atexit
 .text._malloc_trim_r
                0x080032e0       0xb8 C:/PROGRA~2/ARMGNU~1/13C7F1~1.2RE/bin/../lib/gcc/arm-none-eabi/13.2.1/thumb/v7-m/nofp\libc.a(libc_a-freer.o)
                0x080032e0                _malloc_trim_r
 .text._free_r  0x08003398      0x1f8 C:/PROGRA~2/ARMGNU~1/13C7F1~1.2RE/bin/../lib/gcc/arm-none-eabi/13.2.1/thumb/v7-m/nofp\libc.a(libc_a-freer.o)
                0x08003398                _free_r
 .text._malloc_r
                0x08003590      0x568 C:/PROGRA~2/ARMGNU~1/13C7F1~1.2RE/bin/../lib/gcc/arm-none-eabi/13.2.1/thumb/v7-m/nofp\libc.a(libc_a-mallocr.o)
                0x08003590                _malloc_r
 .text.__malloc_lock
                0x08003af8        0xc C:/PROGRA~2/ARMGNU~1/13C7F1~1.2RE/bin/../lib/gcc/arm-none-eabi/13.2.1/thumb/v7-m/nofp\libc.a(libc_a-mlock.o)
                0x08003af8                __malloc_lock
 .text.__malloc_unlock
                0x08003b04        0xc C:/PROGRA~2/ARMGNU~1/13C7F1~1.2RE/bin/../lib/gcc/arm-none-eabi/13.2.1/thumb/v7-m/nofp\libc.a(libc_a-mlock.o)
                0x08003b04                __malloc_unlock
 .text._vfprintf_r
                0x08003b10     0x1bf0 C:/PROGRA~2/ARMGNU~1/13C7F1~1.2RE/bin/../lib/gcc/arm-none-eabi/13.2.1/thumb/v7-m/nofp\libc.a(libc_a-vfprintf.o)
                0x08003b10                _vfprintf_r
 .text.__sbprintf
                0x08005700       0x80 C:/PROGRA~2/ARMGNU~1/13C7F1~1.2RE/bin/../lib/gcc/arm-none-eabi/13.2.1/thumb/v7-m/nofp\libc.a(libc_a-vfprintf.o)
 .text.__sprint_r.part.0
                0x08005780       0x78 C:/PROGRA~2/ARMGNU~1/13C7F1~1.2RE/bin/../lib/gcc/arm-none-eabi/13.2.1/thumb/v7-m/nofp\libc.a(libc_a-vfiprintf.o)
 .text.__sprint_r
                0x080057f8       0x14 C:/PROGRA~2/ARMGNU~1/13C7F1~1.2RE/bin/../lib/gcc/arm-none-eabi/13.2.1/thumb/v7-m/nofp\libc.a(libc_a-vfiprintf.o)
                0x080057f8                __sprint_r
 .text._vfiprintf_r
                0x0800580c      0xfe8 C:/PROGRA~2/ARMGNU~1/13C7F1~1.2RE/bin/../lib/gcc/arm-none-eabi/13.2.1/thumb/v7-m/nofp\libc.a(libc_a-vfiprintf.o)
                0x0800580c                _vfiprintf_r
 .text.__sbprintf
                0x080067f4       0x80 C:/PROGRA~2/ARMGNU~1/13C7F1~1.2RE/bin/../lib/gcc/arm-none-eabi/13.2.1/thumb/v7-m/nofp\libc.a(libc_a-vfiprintf.o)
 .text._fclose_r
                0x08006874       0xc0 C:/PROGRA~2/ARMGNU~1/13C7F1~1.2RE/bin/../lib/gcc/arm-none-eabi/13.2.1/thumb/v7-m/nofp\libc.a(libc_a-fclose.o)
                0x08006874                _fclose_r
 .text.__sflush_r
                0x08006934      0x128 C:/PROGRA~2/ARMGNU~1/13C7F1~1.2RE/bin/../lib/gcc/arm-none-eabi/13.2.1/thumb/v7-m/nofp\libc.a(libc_a-fflush.o)
                0x08006934                __sflush_r
 .text._fflush_r
                0x08006a5c       0x54 C:/PROGRA~2/ARMGNU~1/13C7F1~1.2RE/bin/../lib/gcc/arm-none-eabi/13.2.1/thumb/v7-m/nofp\libc.a(libc_a-fflush.o)
                0x08006a5c                _fflush_r
 .text.__sfvwrite_r
                0x08006ab0      0x2ec C:/PROGRA~2/ARMGNU~1/13C7F1~1.2RE/bin/../lib/gcc/arm-none-eabi/13.2.1/thumb/v7-m/nofp\libc.a(libc_a-fvwrite.o)
                0x08006ab0                __sfvwrite_r
 .text.__swsetup_r
                0x08006d9c       0xc4 C:/PROGRA~2/ARMGNU~1/13C7F1~1.2RE/bin/../lib/gcc/arm-none-eabi/13.2.1/thumb/v7-m/nofp\libc.a(libc_a-wsetup.o)
                0x08006d9c                __swsetup_r
 .text.__fputwc
                0x08006e60       0x7c C:/PROGRA~2/ARMGNU~1/13C7F1~1.2RE/bin/../lib/gcc/arm-none-eabi/13.2.1/thumb/v7-m/nofp\libc.a(libc_a-fputwc.o)
                0x08006e60                __fputwc
 .text._fputwc_r
                0x08006edc       0x60 C:/PROGRA~2/ARMGNU~1/13C7F1~1.2RE/bin/../lib/gcc/arm-none-eabi/13.2.1/thumb/v7-m/nofp\libc.a(libc_a-fputwc.o)
                0x08006edc                _fputwc_r
 .text.memmove  0x08006f3c       0xfc C:/PROGRA~2/ARMGNU~1/13C7F1~1.2RE/bin/../lib/gcc/arm-none-eabi/13.2.1/thumb/v7-m/nofp\libc.a(libc_a-memmove.o)
                0x08006f3c                memmove
 .text.strncpy  0x08007038       0x6c C:/PROGRA~2/ARMGNU~1/13C7F1~1.2RE/bin/../lib/gcc/arm-none-eabi/13.2.1/thumb/v7-m/nofp\libc.a(libc_a-strncpy.o)
                0x08007038                strncpy
 .text.__locale_mb_cur_max
                0x080070a4        0xc C:/PROGRA~2/ARMGNU~1/13C7F1~1.2RE/bin/../lib/gcc/arm-none-eabi/13.2.1/thumb/v7-m/nofp\libc.a(libc_a-locale.o)
                0x080070a4                __locale_mb_cur_max
 .text._localeconv_r
                0x080070b0        0x8 C:/PROGRA~2/ARMGNU~1/13C7F1~1.2RE/bin/../lib/gcc/arm-none-eabi/13.2.1/thumb/v7-m/nofp\libc.a(libc_a-localeconv.o)
                0x080070b0                _localeconv_r
 .text._sbrk_r  0x080070b8       0x24 C:/PROGRA~2/ARMGNU~1/13C7F1~1.2RE/bin/../lib/gcc/arm-none-eabi/13.2.1/thumb/v7-m/nofp\libc.a(libc_a-sbrkr.o)
                0x080070b8                _sbrk_r
 .text.__libc_fini_array
                0x080070dc       0x28 C:/PROGRA~2/ARMGNU~1/13C7F1~1.2RE/bin/../lib/gcc/arm-none-eabi/13.2.1/thumb/v7-m/nofp\libc.a(libc_a-fini.o)
                0x080070dc                __libc_fini_array
 .text.sysconf  0x08007104       0x1c C:/PROGRA~2/ARMGNU~1/13C7F1~1.2RE/bin/../lib/gcc/arm-none-eabi/13.2.1/thumb/v7-m/nofp\libc.a(libc_a-sysconf.o)
                0x08007104                sysconf
 .text.memchr   0x08007120       0x98 C:/PROGRA~2/ARMGNU~1/13C7F1~1.2RE/bin/../lib/gcc/arm-none-eabi/13.2.1/thumb/v7-m/nofp\libc.a(libc_a-memchr-stub.o)
                0x08007120                memchr
 .text.frexp    0x080071b8       0x6c C:/PROGRA~2/ARMGNU~1/13C7F1~1.2RE/bin/../lib/gcc/arm-none-eabi/13.2.1/thumb/v7-m/nofp\libc.a(libm_a-s_frexp.o)
                0x080071b8                frexp
 .text.__register_exitproc
                0x08007224       0x80 C:/PROGRA~2/ARMGNU~1/13C7F1~1.2RE/bin/../lib/gcc/arm-none-eabi/13.2.1/thumb/v7-m/nofp\libc.a(libc_a-__atexit.o)
                0x08007224                __register_exitproc
 .text.quorem   0x080072a4      0x13c C:/PROGRA~2/ARMGNU~1/13C7F1~1.2RE/bin/../lib/gcc/arm-none-eabi/13.2.1/thumb/v7-m/nofp\libc.a(libc_a-dtoa.o)
 .text._dtoa_r  0x080073e0      0xe94 C:/PROGRA~2/ARMGNU~1/13C7F1~1.2RE/bin/../lib/gcc/arm-none-eabi/13.2.1/thumb/v7-m/nofp\libc.a(libc_a-dtoa.o)
                0x080073e0                _dtoa_r
 .text.__ascii_mbtowc
                0x08008274       0x2c C:/PROGRA~2/ARMGNU~1/13C7F1~1.2RE/bin/../lib/gcc/arm-none-eabi/13.2.1/thumb/v7-m/nofp\libc.a(libc_a-mbtowc_r.o)
                0x08008274                __ascii_mbtowc
 .text._Balloc  0x080082a0       0x4c C:/PROGRA~2/ARMGNU~1/13C7F1~1.2RE/bin/../lib/gcc/arm-none-eabi/13.2.1/thumb/v7-m/nofp\libc.a(libc_a-mprec.o)
                0x080082a0                _Balloc
 .text._Bfree   0x080082ec       0x14 C:/PROGRA~2/ARMGNU~1/13C7F1~1.2RE/bin/../lib/gcc/arm-none-eabi/13.2.1/thumb/v7-m/nofp\libc.a(libc_a-mprec.o)
                0x080082ec                _Bfree
 .text.__multadd
                0x08008300       0xa4 C:/PROGRA~2/ARMGNU~1/13C7F1~1.2RE/bin/../lib/gcc/arm-none-eabi/13.2.1/thumb/v7-m/nofp\libc.a(libc_a-mprec.o)
                0x08008300                __multadd
 .text.__hi0bits
                0x080083a4       0x44 C:/PROGRA~2/ARMGNU~1/13C7F1~1.2RE/bin/../lib/gcc/arm-none-eabi/13.2.1/thumb/v7-m/nofp\libc.a(libc_a-mprec.o)
                0x080083a4                __hi0bits
 .text.__lo0bits
                0x080083e8       0x5c C:/PROGRA~2/ARMGNU~1/13C7F1~1.2RE/bin/../lib/gcc/arm-none-eabi/13.2.1/thumb/v7-m/nofp\libc.a(libc_a-mprec.o)
                0x080083e8                __lo0bits
 .text.__i2b    0x08008444       0x5c C:/PROGRA~2/ARMGNU~1/13C7F1~1.2RE/bin/../lib/gcc/arm-none-eabi/13.2.1/thumb/v7-m/nofp\libc.a(libc_a-mprec.o)
                0x08008444                __i2b
 .text.__multiply
                0x080084a0      0x164 C:/PROGRA~2/ARMGNU~1/13C7F1~1.2RE/bin/../lib/gcc/arm-none-eabi/13.2.1/thumb/v7-m/nofp\libc.a(libc_a-mprec.o)
                0x080084a0                __multiply
 .text.__pow5mult
                0x08008604       0xb4 C:/PROGRA~2/ARMGNU~1/13C7F1~1.2RE/bin/../lib/gcc/arm-none-eabi/13.2.1/thumb/v7-m/nofp\libc.a(libc_a-mprec.o)
                0x08008604                __pow5mult
 .text.__lshift
                0x080086b8       0xec C:/PROGRA~2/ARMGNU~1/13C7F1~1.2RE/bin/../lib/gcc/arm-none-eabi/13.2.1/thumb/v7-m/nofp\libc.a(libc_a-mprec.o)
                0x080086b8                __lshift
 .text.__mcmp   0x080087a4       0x40 C:/PROGRA~2/ARMGNU~1/13C7F1~1.2RE/bin/../lib/gcc/arm-none-eabi/13.2.1/thumb/v7-m/nofp\libc.a(libc_a-mprec.o)
                0x080087a4                __mcmp
 .text.__mdiff  0x080087e4      0x178 C:/PROGRA~2/ARMGNU~1/13C7F1~1.2RE/bin/../lib/gcc/arm-none-eabi/13.2.1/thumb/v7-m/nofp\libc.a(libc_a-mprec.o)
                0x080087e4                __mdiff
 .text.__d2b    0x0800895c       0xbc C:/PROGRA~2/ARMGNU~1/13C7F1~1.2RE/bin/../lib/gcc/arm-none-eabi/13.2.1/thumb/v7-m/nofp\libc.a(libc_a-mprec.o)
                0x0800895c                __d2b
 .text._realloc_r
                0x08008a18      0x34c C:/PROGRA~2/ARMGNU~1/13C7F1~1.2RE/bin/../lib/gcc/arm-none-eabi/13.2.1/thumb/v7-m/nofp\libc.a(libc_a-reallocr.o)
                0x08008a18                _realloc_r
 .text.__ascii_wctomb
                0x08008d64       0x1c C:/PROGRA~2/ARMGNU~1/13C7F1~1.2RE/bin/../lib/gcc/arm-none-eabi/13.2.1/thumb/v7-m/nofp\libc.a(libc_a-wctomb_r.o)
                0x08008d64                __ascii_wctomb
 .text._wcrtomb_r
                0x08008d80       0x4c C:/PROGRA~2/ARMGNU~1/13C7F1~1.2RE/bin/../lib/gcc/arm-none-eabi/13.2.1/thumb/v7-m/nofp\libc.a(libc_a-wcrtomb.o)
                0x08008d80                _wcrtomb_r
 .text._wcsrtombs_r
                0x08008dcc       0x18 C:/PROGRA~2/ARMGNU~1/13C7F1~1.2RE/bin/../lib/gcc/arm-none-eabi/13.2.1/thumb/v7-m/nofp\libc.a(libc_a-wcsrtombs.o)
                0x08008dcc                _wcsrtombs_r
 .text.__smakebuf_r
                0x08008de4       0xdc C:/PROGRA~2/ARMGNU~1/13C7F1~1.2RE/bin/../lib/gcc/arm-none-eabi/13.2.1/thumb/v7-m/nofp\libc.a(libc_a-makebuf.o)
                0x08008de4                __smakebuf_r
 .text.__swbuf_r
                0x08008ec0       0xac C:/PROGRA~2/ARMGNU~1/13C7F1~1.2RE/bin/../lib/gcc/arm-none-eabi/13.2.1/thumb/v7-m/nofp\libc.a(libc_a-wbuf.o)
                0x08008ec0                __swbuf_r
 .text._fstat_r
                0x08008f6c       0x28 C:/PROGRA~2/ARMGNU~1/13C7F1~1.2RE/bin/../lib/gcc/arm-none-eabi/13.2.1/thumb/v7-m/nofp\libc.a(libc_a-fstatr.o)
                0x08008f6c                _fstat_r
 .text._isatty_r
                0x08008f94       0x24 C:/PROGRA~2/ARMGNU~1/13C7F1~1.2RE/bin/../lib/gcc/arm-none-eabi/13.2.1/thumb/v7-m/nofp\libc.a(libc_a-isattyr.o)
                0x08008f94                _isatty_r
 .text.__assert_func
                0x08008fb8       0x40 C:/PROGRA~2/ARMGNU~1/13C7F1~1.2RE/bin/../lib/gcc/arm-none-eabi/13.2.1/thumb/v7-m/nofp\libc.a(libc_a-assert.o)
                0x08008fb8                __assert_func
 .text._calloc_r
                0x08008ff8       0x6c C:/PROGRA~2/ARMGNU~1/13C7F1~1.2RE/bin/../lib/gcc/arm-none-eabi/13.2.1/thumb/v7-m/nofp\libc.a(libc_a-callocr.o)
                0x08008ff8                _calloc_r
 .text._wcsnrtombs_l
                0x08009064       0xec C:/PROGRA~2/ARMGNU~1/13C7F1~1.2RE/bin/../lib/gcc/arm-none-eabi/13.2.1/thumb/v7-m/nofp\libc.a(libc_a-wcsnrtombs.o)
                0x08009064                _wcsnrtombs_l
 .text._wcsnrtombs_r
                0x08009150       0x24 C:/PROGRA~2/ARMGNU~1/13C7F1~1.2RE/bin/../lib/gcc/arm-none-eabi/13.2.1/thumb/v7-m/nofp\libc.a(libc_a-wcsnrtombs.o)
                0x08009150                _wcsnrtombs_r
 .text.fiprintf
                0x08009174       0x28 C:/PROGRA~2/ARMGNU~1/13C7F1~1.2RE/bin/../lib/gcc/arm-none-eabi/13.2.1/thumb/v7-m/nofp\libc.a(libc_a-fiprintf.o)
                0x08009174                fiprintf
 .text.abort    0x0800919c       0x10 C:/PROGRA~2/ARMGNU~1/13C7F1~1.2RE/bin/../lib/gcc/arm-none-eabi/13.2.1/thumb/v7-m/nofp\libc.a(libc_a-abort.o)
                0x0800919c                abort
 .text.raise    0x080091ac       0x58 C:/PROGRA~2/ARMGNU~1/13C7F1~1.2RE/bin/../lib/gcc/arm-none-eabi/13.2.1/thumb/v7-m/nofp\libc.a(libc_a-signal.o)
                0x080091ac                raise
 .text._kill_r  0x08009204       0x28 C:/PROGRA~2/ARMGNU~1/13C7F1~1.2RE/bin/../lib/gcc/arm-none-eabi/13.2.1/thumb/v7-m/nofp\libc.a(libc_a-signalr.o)
                0x08009204                _kill_r
 .text._getpid_r
                0x0800922c        0x4 C:/PROGRA~2/ARMGNU~1/13C7F1~1.2RE/bin/../lib/gcc/arm-none-eabi/13.2.1/thumb/v7-m/nofp\libc.a(libc_a-signalr.o)
                0x0800922c                _getpid_r
 *(.glue_7)
 .glue_7        0x08009230        0x0 linker stubs
 *(.glue_7t)
 .glue_7t       0x08009230        0x0 linker stubs
 *(.eh_frame)
 .eh_frame      0x08009230        0x0 C:/PROGRA~2/ARMGNU~1/13C7F1~1.2RE/bin/../lib/gcc/arm-none-eabi/13.2.1/thumb/v7-m/nofp/crtbegin.o
 *(.init)
 .init          0x08009230        0x4 C:/PROGRA~2/ARMGNU~1/13C7F1~1.2RE/bin/../lib/gcc/arm-none-eabi/13.2.1/thumb/v7-m/nofp/crti.o
                0x08009230                _init
 .init          0x08009234        0x8 C:/PROGRA~2/ARMGNU~1/13C7F1~1.2RE/bin/../lib/gcc/arm-none-eabi/13.2.1/thumb/v7-m/nofp/crtn.o
 *(.fini)
 .fini          0x0800923c        0x4 C:/PROGRA~2/ARMGNU~1/13C7F1~1.2RE/bin/../lib/gcc/arm-none-eabi/13.2.1/thumb/v7-m/nofp/crti.o
                0x0800923c                _fini
 .fini          0x08009240        0x8 C:/PROGRA~2/ARMGNU~1/13C7F1~1.2RE/bin/../lib/gcc/arm-none-eabi/13.2.1/thumb/v7-m/nofp/crtn.o
                0x08009248                        . = ALIGN (0x4)
                0x08009248                        _etext = .

.vfp11_veneer   0x08009248        0x0
 .vfp11_veneer  0x08009248        0x0 linker stubs

.v4_bx          0x08009248        0x0
 .v4_bx         0x08009248        0x0 linker stubs

.iplt           0x08009248        0x0
 .iplt          0x08009248        0x0 C:/PROGRA~2/ARMGNU~1/13C7F1~1.2RE/bin/../lib/gcc/arm-none-eabi/13.2.1/thumb/v7-m/nofp/crtbegin.o

.rodata         0x08009248      0x464
                0x08009248                        . = ALIGN (0x4)
 *(.rodata)
 *(.rodata*)
 .rodata.pgm_manual.str1.4
                0x08009248      0x1df CMakeFiles/Tennismaschine.elf.dir/Core/Src/machine_programs.c.obj
                                 0x2c (size before relaxing)
 .rodata.main.str1.4
                0x08009427        0x5 CMakeFiles/Tennismaschine.elf.dir/Core/Src/main.c.obj
 *fill*         0x08009427        0x1 
 .rodata.APBPrescTable
                0x08009428        0x8 CMakeFiles/Tennismaschine.elf.dir/Core/Src/system_stm32f1xx.c.obj
                0x08009428                APBPrescTable
 .rodata.AHBPrescTable
                0x08009430       0x10 CMakeFiles/Tennismaschine.elf.dir/Core/Src/system_stm32f1xx.c.obj
                0x08009430                AHBPrescTable
 .rodata.aPredivFactorTable.0
                0x08009440        0x2 CMakeFiles/Tennismaschine.elf.dir/Drivers/STM32F1xx_HAL_Driver/Src/stm32f1xx_hal_rcc.c.obj
 *fill*         0x08009442        0x2 
 .rodata.aPLLMULFactorTable.1
                0x08009444       0x10 CMakeFiles/Tennismaschine.elf.dir/Drivers/STM32F1xx_HAL_Driver/Src/stm32f1xx_hal_rcc.c.obj
 .rodata.aPredivFactorTable.0
                0x08009454        0x2 CMakeFiles/Tennismaschine.elf.dir/Drivers/STM32F1xx_HAL_Driver/Src/stm32f1xx_hal_rcc_ex.c.obj
 *fill*         0x08009456        0x2 
 .rodata.aPLLMULFactorTable.1
                0x08009458       0x10 CMakeFiles/Tennismaschine.elf.dir/Drivers/STM32F1xx_HAL_Driver/Src/stm32f1xx_hal_rcc_ex.c.obj
 .rodata._puts_r.str1.4
                0x08009468        0x2 C:/PROGRA~2/ARMGNU~1/13C7F1~1.2RE/bin/../lib/gcc/arm-none-eabi/13.2.1/thumb/v7-m/nofp\libc.a(libc_a-puts.o)
 .rodata._vfprintf_r.str1.4
                0x08009468       0x42 C:/PROGRA~2/ARMGNU~1/13C7F1~1.2RE/bin/../lib/gcc/arm-none-eabi/13.2.1/thumb/v7-m/nofp\libc.a(libc_a-vfprintf.o)
 .rodata.zeroes.0
                0x08009468       0x10 C:/PROGRA~2/ARMGNU~1/13C7F1~1.2RE/bin/../lib/gcc/arm-none-eabi/13.2.1/thumb/v7-m/nofp\libc.a(libc_a-vfprintf.o)
 .rodata.blanks.1
                0x08009478       0x10 C:/PROGRA~2/ARMGNU~1/13C7F1~1.2RE/bin/../lib/gcc/arm-none-eabi/13.2.1/thumb/v7-m/nofp\libc.a(libc_a-vfprintf.o)
 .rodata._vfiprintf_r.str1.4
                0x08009488       0x2f C:/PROGRA~2/ARMGNU~1/13C7F1~1.2RE/bin/../lib/gcc/arm-none-eabi/13.2.1/thumb/v7-m/nofp\libc.a(libc_a-vfiprintf.o)
 .rodata.zeroes.0
                0x08009488       0x10 C:/PROGRA~2/ARMGNU~1/13C7F1~1.2RE/bin/../lib/gcc/arm-none-eabi/13.2.1/thumb/v7-m/nofp\libc.a(libc_a-vfiprintf.o)
 .rodata.blanks.1
                0x08009498       0x10 C:/PROGRA~2/ARMGNU~1/13C7F1~1.2RE/bin/../lib/gcc/arm-none-eabi/13.2.1/thumb/v7-m/nofp\libc.a(libc_a-vfiprintf.o)
 .rodata.str1.4
                0x080094a8       0x4c C:/PROGRA~2/ARMGNU~1/13C7F1~1.2RE/bin/../lib/gcc/arm-none-eabi/13.2.1/thumb/v7-m/nofp\libc.a(libc_a-locale.o)
 .rodata._dtoa_r.str1.4
                0x080094a8       0x81 C:/PROGRA~2/ARMGNU~1/13C7F1~1.2RE/bin/../lib/gcc/arm-none-eabi/13.2.1/thumb/v7-m/nofp\libc.a(libc_a-dtoa.o)
 .rodata.__multadd.str1.4
                0x080094a8       0x6e C:/PROGRA~2/ARMGNU~1/13C7F1~1.2RE/bin/../lib/gcc/arm-none-eabi/13.2.1/thumb/v7-m/nofp\libc.a(libc_a-mprec.o)
 .rodata.p05.0  0x080094a8        0xc C:/PROGRA~2/ARMGNU~1/13C7F1~1.2RE/bin/../lib/gcc/arm-none-eabi/13.2.1/thumb/v7-m/nofp\libc.a(libc_a-mprec.o)
 *fill*         0x080094b4        0x4 
 .rodata.__mprec_bigtens
                0x080094b8       0x28 C:/PROGRA~2/ARMGNU~1/13C7F1~1.2RE/bin/../lib/gcc/arm-none-eabi/13.2.1/thumb/v7-m/nofp\libc.a(libc_a-mprec.o)
                0x080094b8                __mprec_bigtens
 .rodata.__mprec_tens
                0x080094e0       0xc8 C:/PROGRA~2/ARMGNU~1/13C7F1~1.2RE/bin/../lib/gcc/arm-none-eabi/13.2.1/thumb/v7-m/nofp\libc.a(libc_a-mprec.o)
                0x080094e0                __mprec_tens
 .rodata._ctype_
                0x080095a8      0x101 C:/PROGRA~2/ARMGNU~1/13C7F1~1.2RE/bin/../lib/gcc/arm-none-eabi/13.2.1/thumb/v7-m/nofp\libc.a(libc_a-ctype_.o)
                0x080095a8                _ctype_
 .rodata.__assert_func.str1.4
                0x080096a9       0x43 C:/PROGRA~2/ARMGNU~1/13C7F1~1.2RE/bin/../lib/gcc/arm-none-eabi/13.2.1/thumb/v7-m/nofp\libc.a(libc_a-assert.o)
                0x080096ec                        . = ALIGN (0x4)
 *fill*         0x080096a9        0x3 

.ARM.extab      0x080096ac        0x0
                0x080096ac                        . = ALIGN (0x4)
 *(.ARM.extab* .gnu.linkonce.armextab.*)
                0x080096ac                        . = ALIGN (0x4)

.ARM            0x080096ac        0x8
                0x080096ac                        . = ALIGN (0x4)
                0x080096ac                        __exidx_start = .
 *(.ARM.exidx*)
 .ARM.exidx     0x080096ac        0x8 C:/PROGRA~2/ARMGNU~1/13C7F1~1.2RE/bin/../lib/gcc/arm-none-eabi/13.2.1/thumb/v7-m/nofp\libc.a(libc_a-memcpy.o)
                0x080096b4                        __exidx_end = .
                0x080096b4                        . = ALIGN (0x4)

.rel.dyn        0x080096b4        0x0
 .rel.iplt      0x080096b4        0x0 C:/PROGRA~2/ARMGNU~1/13C7F1~1.2RE/bin/../lib/gcc/arm-none-eabi/13.2.1/thumb/v7-m/nofp/crtbegin.o

.preinit_array  0x080096b4        0x0
                0x080096b4                        . = ALIGN (0x4)
                0x080096b4                        PROVIDE (__preinit_array_start = .)
 *(.preinit_array*)
                0x080096b4                        PROVIDE (__preinit_array_end = .)
                0x080096b4                        . = ALIGN (0x4)

.init_array     0x080096b4        0x8
                0x080096b4                        . = ALIGN (0x4)
                0x080096b4                        PROVIDE (__init_array_start = .)
 *(SORT_BY_NAME(.init_array.*))
 .init_array.00000
                0x080096b4        0x4 C:/PROGRA~2/ARMGNU~1/13C7F1~1.2RE/bin/../lib/gcc/arm-none-eabi/13.2.1/thumb/v7-m/nofp\libc.a(libc_a-__call_atexit.o)
 *(.init_array*)
 .init_array    0x080096b8        0x4 C:/PROGRA~2/ARMGNU~1/13C7F1~1.2RE/bin/../lib/gcc/arm-none-eabi/13.2.1/thumb/v7-m/nofp/crtbegin.o
                0x080096bc                        PROVIDE (__init_array_end = .)
                0x080096bc                        . = ALIGN (0x4)

.fini_array     0x080096bc        0x4
                0x080096bc                        . = ALIGN (0x4)
                0x080096bc                        PROVIDE (__fini_array_start = .)
 *(SORT_BY_NAME(.fini_array.*))
 *(.fini_array*)
 .fini_array    0x080096bc        0x4 C:/PROGRA~2/ARMGNU~1/13C7F1~1.2RE/bin/../lib/gcc/arm-none-eabi/13.2.1/thumb/v7-m/nofp/crtbegin.o
                0x080096c0                        PROVIDE (__fini_array_end = .)
                0x080096c0                        . = ALIGN (0x4)
                0x080096c0                        _sidata = LOADADDR (.data)

.data           0x20000000      0x6c4 load address 0x080096c0
                0x20000000                        . = ALIGN (0x4)
                0x20000000                        _sdata = .
 *(.data)
 *(.data*)
 .data.SystemCoreClock
                0x20000000        0x4 CMakeFiles/Tennismaschine.elf.dir/Core/Src/system_stm32f1xx.c.obj
                0x20000000                SystemCoreClock
 .data.uwTickFreq
                0x20000004        0x1 CMakeFiles/Tennismaschine.elf.dir/Drivers/STM32F1xx_HAL_Driver/Src/stm32f1xx_hal.c.obj
                0x20000004                uwTickFreq
 *fill*         0x20000005        0x3 
 .data.uwTickPrio
                0x20000008        0x4 CMakeFiles/Tennismaschine.elf.dir/Drivers/STM32F1xx_HAL_Driver/Src/stm32f1xx_hal.c.obj
                0x20000008                uwTickPrio
 .data.__sglue  0x2000000c        0xc C:/PROGRA~2/ARMGNU~1/13C7F1~1.2RE/bin/../lib/gcc/arm-none-eabi/13.2.1/thumb/v7-m/nofp\libc.a(libc_a-findfp.o)
                0x2000000c                __sglue
 .data._impure_ptr
                0x20000018        0x4 C:/PROGRA~2/ARMGNU~1/13C7F1~1.2RE/bin/../lib/gcc/arm-none-eabi/13.2.1/thumb/v7-m/nofp\libc.a(libc_a-impure.o)
                0x20000018                _impure_ptr
 *fill*         0x2000001c        0x4 
 .data._impure_data
                0x20000020      0x120 C:/PROGRA~2/ARMGNU~1/13C7F1~1.2RE/bin/../lib/gcc/arm-none-eabi/13.2.1/thumb/v7-m/nofp\libc.a(libc_a-impure.o)
                0x20000020                _impure_data
 .data.__atexit_recursive_mutex
                0x20000140        0x4 C:/PROGRA~2/ARMGNU~1/13C7F1~1.2RE/bin/../lib/gcc/arm-none-eabi/13.2.1/thumb/v7-m/nofp\libc.a(libc_a-__call_atexit.o)
                0x20000140                __atexit_recursive_mutex
 .data.__malloc_sbrk_base
                0x20000144        0x4 C:/PROGRA~2/ARMGNU~1/13C7F1~1.2RE/bin/../lib/gcc/arm-none-eabi/13.2.1/thumb/v7-m/nofp\libc.a(libc_a-mallocr.o)
                0x20000144                __malloc_sbrk_base
 .data.__malloc_trim_threshold
                0x20000148        0x4 C:/PROGRA~2/ARMGNU~1/13C7F1~1.2RE/bin/../lib/gcc/arm-none-eabi/13.2.1/thumb/v7-m/nofp\libc.a(libc_a-mallocr.o)
                0x20000148                __malloc_trim_threshold
 *fill*         0x2000014c        0x4 
 .data.__malloc_av_
                0x20000150      0x408 C:/PROGRA~2/ARMGNU~1/13C7F1~1.2RE/bin/../lib/gcc/arm-none-eabi/13.2.1/thumb/v7-m/nofp\libc.a(libc_a-mallocr.o)
                0x20000150                __malloc_av_
 .data.__global_locale
                0x20000558      0x16c C:/PROGRA~2/ARMGNU~1/13C7F1~1.2RE/bin/../lib/gcc/arm-none-eabi/13.2.1/thumb/v7-m/nofp\libc.a(libc_a-locale.o)
                0x20000558                __global_locale
 *(.RamFunc)
 *(.RamFunc*)
                0x200006c4                        . = ALIGN (0x4)
                0x200006c4                        _edata = .

.tm_clone_table
                0x200006c4        0x0 load address 0x08009d84
 .tm_clone_table
                0x200006c4        0x0 C:/PROGRA~2/ARMGNU~1/13C7F1~1.2RE/bin/../lib/gcc/arm-none-eabi/13.2.1/thumb/v7-m/nofp/crtbegin.o
 .tm_clone_table
                0x200006c4        0x0 C:/PROGRA~2/ARMGNU~1/13C7F1~1.2RE/bin/../lib/gcc/arm-none-eabi/13.2.1/thumb/v7-m/nofp/crtend.o

.igot.plt       0x200006c4        0x0 load address 0x08009d84
 .igot.plt      0x200006c4        0x0 C:/PROGRA~2/ARMGNU~1/13C7F1~1.2RE/bin/../lib/gcc/arm-none-eabi/13.2.1/thumb/v7-m/nofp/crtbegin.o
                0x200006c4                        . = ALIGN (0x4)

.bss            0x200006c4      0x484 load address 0x08009d84
                0x200006c4                        _sbss = .
                0x200006c4                        __bss_start__ = _sbss
 *(.bss)
 *(.bss*)
 .bss.completed.1
                0x200006c4        0x1 C:/PROGRA~2/ARMGNU~1/13C7F1~1.2RE/bin/../lib/gcc/arm-none-eabi/13.2.1/thumb/v7-m/nofp/crtbegin.o
 *fill*         0x200006c5        0x3 
 .bss.object.0  0x200006c8       0x18 C:/PROGRA~2/ARMGNU~1/13C7F1~1.2RE/bin/../lib/gcc/arm-none-eabi/13.2.1/thumb/v7-m/nofp/crtbegin.o
 .bss.adc_result
                0x200006e0        0x6 CMakeFiles/Tennismaschine.elf.dir/Core/Src/machine_programs.c.obj
                0x200006e0                adc_result
 *fill*         0x200006e6        0x2 
 .bss.hadc1     0x200006e8       0x30 CMakeFiles/Tennismaschine.elf.dir/Core/Src/machine_programs.c.obj
 .bss.htim1     0x20000718       0x48 CMakeFiles/Tennismaschine.elf.dir/Core/Src/machine_programs.c.obj
 .bss.htim1     0x20000760       0x48 CMakeFiles/Tennismaschine.elf.dir/Core/Src/main.c.obj
                0x20000760                htim1
 .bss.hi2c2     0x200007a8       0x54 CMakeFiles/Tennismaschine.elf.dir/Core/Src/main.c.obj
                0x200007a8                hi2c2
 .bss.hadc1     0x200007fc       0x30 CMakeFiles/Tennismaschine.elf.dir/Core/Src/main.c.obj
                0x200007fc                hadc1
 .bss.__sbrk_heap_end
                0x2000082c        0x4 CMakeFiles/Tennismaschine.elf.dir/Core/Src/sysmem.c.obj
 .bss.uwTick    0x20000830        0x4 CMakeFiles/Tennismaschine.elf.dir/Drivers/STM32F1xx_HAL_Driver/Src/stm32f1xx_hal.c.obj
                0x20000830                uwTick
 .bss.__sf      0x20000834      0x138 C:/PROGRA~2/ARMGNU~1/13C7F1~1.2RE/bin/../lib/gcc/arm-none-eabi/13.2.1/thumb/v7-m/nofp\libc.a(libc_a-findfp.o)
                0x20000834                __sf
 .bss.__stdio_exit_handler
                0x2000096c        0x4 C:/PROGRA~2/ARMGNU~1/13C7F1~1.2RE/bin/../lib/gcc/arm-none-eabi/13.2.1/thumb/v7-m/nofp\libc.a(libc_a-findfp.o)
                0x2000096c                __stdio_exit_handler
 .bss.errno     0x20000970        0x4 C:/PROGRA~2/ARMGNU~1/13C7F1~1.2RE/bin/../lib/gcc/arm-none-eabi/13.2.1/thumb/v7-m/nofp\libc.a(libc_a-reent.o)
                0x20000970                errno
 .bss.__lock___malloc_recursive_mutex
                0x20000974        0x1 C:/PROGRA~2/ARMGNU~1/13C7F1~1.2RE/bin/../lib/gcc/arm-none-eabi/13.2.1/thumb/v7-m/nofp\libc.a(libc_a-lock.o)
                0x20000974                __lock___malloc_recursive_mutex
 *fill*         0x20000975        0x3 
 .bss.__lock___atexit_recursive_mutex
                0x20000978        0x1 C:/PROGRA~2/ARMGNU~1/13C7F1~1.2RE/bin/../lib/gcc/arm-none-eabi/13.2.1/thumb/v7-m/nofp\libc.a(libc_a-lock.o)
                0x20000978                __lock___atexit_recursive_mutex
 *fill*         0x20000979        0x3 
 .bss.__lock___sfp_recursive_mutex
                0x2000097c        0x1 C:/PROGRA~2/ARMGNU~1/13C7F1~1.2RE/bin/../lib/gcc/arm-none-eabi/13.2.1/thumb/v7-m/nofp\libc.a(libc_a-lock.o)
                0x2000097c                __lock___sfp_recursive_mutex
 *fill*         0x2000097d        0x3 
 .bss.__atexit  0x20000980        0x4 C:/PROGRA~2/ARMGNU~1/13C7F1~1.2RE/bin/../lib/gcc/arm-none-eabi/13.2.1/thumb/v7-m/nofp\libc.a(libc_a-__call_atexit.o)
                0x20000980                __atexit
 .bss.__malloc_current_mallinfo
                0x20000984       0x28 C:/PROGRA~2/ARMGNU~1/13C7F1~1.2RE/bin/../lib/gcc/arm-none-eabi/13.2.1/thumb/v7-m/nofp\libc.a(libc_a-mallocr.o)
                0x20000984                __malloc_current_mallinfo
 .bss.__malloc_max_total_mem
                0x200009ac        0x4 C:/PROGRA~2/ARMGNU~1/13C7F1~1.2RE/bin/../lib/gcc/arm-none-eabi/13.2.1/thumb/v7-m/nofp\libc.a(libc_a-mallocr.o)
                0x200009ac                __malloc_max_total_mem
 .bss.__malloc_max_sbrked_mem
                0x200009b0        0x4 C:/PROGRA~2/ARMGNU~1/13C7F1~1.2RE/bin/../lib/gcc/arm-none-eabi/13.2.1/thumb/v7-m/nofp\libc.a(libc_a-mallocr.o)
                0x200009b0                __malloc_max_sbrked_mem
 .bss.__malloc_top_pad
                0x200009b4        0x4 C:/PROGRA~2/ARMGNU~1/13C7F1~1.2RE/bin/../lib/gcc/arm-none-eabi/13.2.1/thumb/v7-m/nofp\libc.a(libc_a-mallocr.o)
                0x200009b4                __malloc_top_pad
 .bss.__atexit0
                0x200009b8      0x190 C:/PROGRA~2/ARMGNU~1/13C7F1~1.2RE/bin/../lib/gcc/arm-none-eabi/13.2.1/thumb/v7-m/nofp\libc.a(libc_a-__atexit.o)
                0x200009b8                __atexit0
 *(COMMON)
                0x20000b48                        . = ALIGN (0x4)
                0x20000b48                        _ebss = .
                0x20000b48                        __bss_end__ = _ebss

._user_heap_stack
                0x20000b48      0x600 load address 0x08009d84
                0x20000b48                        . = ALIGN (0x8)
                [!provide]                        PROVIDE (end = .)
                0x20000b48                        PROVIDE (_end = .)
                0x20000d48                        . = (. + _Min_Heap_Size)
 *fill*         0x20000b48      0x200 
                0x20001148                        . = (. + _Min_Stack_Size)
 *fill*         0x20000d48      0x400 
                0x20001148                        . = ALIGN (0x8)

/DISCARD/
 libc.a(*)
 libm.a(*)
 libgcc.a(*)

.ARM.attributes
                0x00000000       0x29
 *(.ARM.attributes)
 .ARM.attributes
                0x00000000       0x1d C:/PROGRA~2/ARMGNU~1/13C7F1~1.2RE/bin/../lib/gcc/arm-none-eabi/13.2.1/thumb/v7-m/nofp/crti.o
 .ARM.attributes
                0x0000001d       0x2d C:/PROGRA~2/ARMGNU~1/13C7F1~1.2RE/bin/../lib/gcc/arm-none-eabi/13.2.1/thumb/v7-m/nofp/crtbegin.o
 .ARM.attributes
                0x0000004a       0x2d CMakeFiles/Tennismaschine.elf.dir/Core/Src/machine_programs.c.obj
 .ARM.attributes
                0x00000077       0x2d CMakeFiles/Tennismaschine.elf.dir/Core/Src/main.c.obj
 .ARM.attributes
                0x000000a4       0x2d CMakeFiles/Tennismaschine.elf.dir/Core/Src/stm32f1xx_hal_msp.c.obj
 .ARM.attributes
                0x000000d1       0x2d CMakeFiles/Tennismaschine.elf.dir/Core/Src/stm32f1xx_it.c.obj
 .ARM.attributes
                0x000000fe       0x2d CMakeFiles/Tennismaschine.elf.dir/Core/Src/syscalls.c.obj
 .ARM.attributes
                0x0000012b       0x2d CMakeFiles/Tennismaschine.elf.dir/Core/Src/sysmem.c.obj
 .ARM.attributes
                0x00000158       0x2d CMakeFiles/Tennismaschine.elf.dir/Core/Src/system_stm32f1xx.c.obj
 .ARM.attributes
                0x00000185       0x21 CMakeFiles/Tennismaschine.elf.dir/Core/Startup/startup_stm32f103rbtx.s.obj
 .ARM.attributes
                0x000001a6       0x2d CMakeFiles/Tennismaschine.elf.dir/Drivers/STM32F1xx_HAL_Driver/Src/stm32f1xx_hal.c.obj
 .ARM.attributes
                0x000001d3       0x2d CMakeFiles/Tennismaschine.elf.dir/Drivers/STM32F1xx_HAL_Driver/Src/stm32f1xx_hal_adc.c.obj
 .ARM.attributes
                0x00000200       0x2d CMakeFiles/Tennismaschine.elf.dir/Drivers/STM32F1xx_HAL_Driver/Src/stm32f1xx_hal_cortex.c.obj
 .ARM.attributes
                0x0000022d       0x2d CMakeFiles/Tennismaschine.elf.dir/Drivers/STM32F1xx_HAL_Driver/Src/stm32f1xx_hal_gpio.c.obj
 .ARM.attributes
                0x0000025a       0x2d CMakeFiles/Tennismaschine.elf.dir/Drivers/STM32F1xx_HAL_Driver/Src/stm32f1xx_hal_i2c.c.obj
 .ARM.attributes
                0x00000287       0x2d CMakeFiles/Tennismaschine.elf.dir/Drivers/STM32F1xx_HAL_Driver/Src/stm32f1xx_hal_rcc.c.obj
 .ARM.attributes
                0x000002b4       0x2d CMakeFiles/Tennismaschine.elf.dir/Drivers/STM32F1xx_HAL_Driver/Src/stm32f1xx_hal_rcc_ex.c.obj
 .ARM.attributes
                0x000002e1       0x2d CMakeFiles/Tennismaschine.elf.dir/Drivers/STM32F1xx_HAL_Driver/Src/stm32f1xx_hal_tim.c.obj
 .ARM.attributes
                0x0000030e       0x2d CMakeFiles/Tennismaschine.elf.dir/Drivers/STM32F1xx_HAL_Driver/Src/stm32f1xx_hal_tim_ex.c.obj
 .ARM.attributes
                0x0000033b       0x2d C:/PROGRA~2/ARMGNU~1/13C7F1~1.2RE/bin/../lib/gcc/arm-none-eabi/13.2.1/thumb/v7-m/nofp\libc.a(libc_a-findfp.o)
 .ARM.attributes
                0x00000368       0x2d C:/PROGRA~2/ARMGNU~1/13C7F1~1.2RE/bin/../lib/gcc/arm-none-eabi/13.2.1/thumb/v7-m/nofp\libc.a(libc_a-fwalk.o)
 .ARM.attributes
                0x00000395       0x2d C:/PROGRA~2/ARMGNU~1/13C7F1~1.2RE/bin/../lib/gcc/arm-none-eabi/13.2.1/thumb/v7-m/nofp\libc.a(libc_a-printf.o)
 .ARM.attributes
                0x000003c2       0x2d C:/PROGRA~2/ARMGNU~1/13C7F1~1.2RE/bin/../lib/gcc/arm-none-eabi/13.2.1/thumb/v7-m/nofp\libc.a(libc_a-puts.o)
 .ARM.attributes
                0x000003ef       0x2d C:/PROGRA~2/ARMGNU~1/13C7F1~1.2RE/bin/../lib/gcc/arm-none-eabi/13.2.1/thumb/v7-m/nofp\libc.a(libc_a-stdio.o)
 .ARM.attributes
                0x0000041c       0x2d C:/PROGRA~2/ARMGNU~1/13C7F1~1.2RE/bin/../lib/gcc/arm-none-eabi/13.2.1/thumb/v7-m/nofp\libc.a(libc_a-memset.o)
 .ARM.attributes
                0x00000449       0x2d C:/PROGRA~2/ARMGNU~1/13C7F1~1.2RE/bin/../lib/gcc/arm-none-eabi/13.2.1/thumb/v7-m/nofp\libc.a(libc_a-closer.o)
 .ARM.attributes
                0x00000476       0x2d C:/PROGRA~2/ARMGNU~1/13C7F1~1.2RE/bin/../lib/gcc/arm-none-eabi/13.2.1/thumb/v7-m/nofp\libc.a(libc_a-reent.o)
 .ARM.attributes
                0x000004a3       0x2d C:/PROGRA~2/ARMGNU~1/13C7F1~1.2RE/bin/../lib/gcc/arm-none-eabi/13.2.1/thumb/v7-m/nofp\libc.a(libc_a-impure.o)
 .ARM.attributes
                0x000004d0       0x2d C:/PROGRA~2/ARMGNU~1/13C7F1~1.2RE/bin/../lib/gcc/arm-none-eabi/13.2.1/thumb/v7-m/nofp\libc.a(libc_a-lseekr.o)
 .ARM.attributes
                0x000004fd       0x2d C:/PROGRA~2/ARMGNU~1/13C7F1~1.2RE/bin/../lib/gcc/arm-none-eabi/13.2.1/thumb/v7-m/nofp\libc.a(libc_a-readr.o)
 .ARM.attributes
                0x0000052a       0x2d C:/PROGRA~2/ARMGNU~1/13C7F1~1.2RE/bin/../lib/gcc/arm-none-eabi/13.2.1/thumb/v7-m/nofp\libc.a(libc_a-writer.o)
 .ARM.attributes
                0x00000557       0x2d C:/PROGRA~2/ARMGNU~1/13C7F1~1.2RE/bin/../lib/gcc/arm-none-eabi/13.2.1/thumb/v7-m/nofp\libc.a(libc_a-errno.o)
 .ARM.attributes
                0x00000584       0x2d C:/PROGRA~2/ARMGNU~1/13C7F1~1.2RE/bin/../lib/gcc/arm-none-eabi/13.2.1/thumb/v7-m/nofp\libc.a(libc_a-init.o)
 .ARM.attributes
                0x000005b1       0x2d C:/PROGRA~2/ARMGNU~1/13C7F1~1.2RE/bin/../lib/gcc/arm-none-eabi/13.2.1/thumb/v7-m/nofp\libc.a(libc_a-lock.o)
 .ARM.attributes
                0x000005de       0x2d C:/PROGRA~2/ARMGNU~1/13C7F1~1.2RE/bin/../lib/gcc/arm-none-eabi/13.2.1/thumb/v7-m/nofp\libc.a(libc_a-strlen-stub.o)
 .ARM.attributes
                0x0000060b       0x2d C:/PROGRA~2/ARMGNU~1/13C7F1~1.2RE/bin/../lib/gcc/arm-none-eabi/13.2.1/thumb/v7-m/nofp\libc.a(libc_a-__call_atexit.o)
 .ARM.attributes
                0x00000638       0x2d C:/PROGRA~2/ARMGNU~1/13C7F1~1.2RE/bin/../lib/gcc/arm-none-eabi/13.2.1/thumb/v7-m/nofp\libc.a(libc_a-atexit.o)
 .ARM.attributes
                0x00000665       0x2d C:/PROGRA~2/ARMGNU~1/13C7F1~1.2RE/bin/../lib/gcc/arm-none-eabi/13.2.1/thumb/v7-m/nofp\libc.a(libc_a-freer.o)
 .ARM.attributes
                0x00000692       0x2d C:/PROGRA~2/ARMGNU~1/13C7F1~1.2RE/bin/../lib/gcc/arm-none-eabi/13.2.1/thumb/v7-m/nofp\libc.a(libc_a-mallocr.o)
 .ARM.attributes
                0x000006bf       0x2d C:/PROGRA~2/ARMGNU~1/13C7F1~1.2RE/bin/../lib/gcc/arm-none-eabi/13.2.1/thumb/v7-m/nofp\libc.a(libc_a-mlock.o)
 .ARM.attributes
                0x000006ec       0x2d C:/PROGRA~2/ARMGNU~1/13C7F1~1.2RE/bin/../lib/gcc/arm-none-eabi/13.2.1/thumb/v7-m/nofp\libc.a(libc_a-vfprintf.o)
 .ARM.attributes
                0x00000719       0x2d C:/PROGRA~2/ARMGNU~1/13C7F1~1.2RE/bin/../lib/gcc/arm-none-eabi/13.2.1/thumb/v7-m/nofp\libc.a(libc_a-vfiprintf.o)
 .ARM.attributes
                0x00000746       0x2d C:/PROGRA~2/ARMGNU~1/13C7F1~1.2RE/bin/../lib/gcc/arm-none-eabi/13.2.1/thumb/v7-m/nofp\libc.a(libc_a-fclose.o)
 .ARM.attributes
                0x00000773       0x2d C:/PROGRA~2/ARMGNU~1/13C7F1~1.2RE/bin/../lib/gcc/arm-none-eabi/13.2.1/thumb/v7-m/nofp\libc.a(libc_a-fflush.o)
 .ARM.attributes
                0x000007a0       0x2d C:/PROGRA~2/ARMGNU~1/13C7F1~1.2RE/bin/../lib/gcc/arm-none-eabi/13.2.1/thumb/v7-m/nofp\libc.a(libc_a-fvwrite.o)
 .ARM.attributes
                0x000007cd       0x2d C:/PROGRA~2/ARMGNU~1/13C7F1~1.2RE/bin/../lib/gcc/arm-none-eabi/13.2.1/thumb/v7-m/nofp\libc.a(libc_a-wsetup.o)
 .ARM.attributes
                0x000007fa       0x2d C:/PROGRA~2/ARMGNU~1/13C7F1~1.2RE/bin/../lib/gcc/arm-none-eabi/13.2.1/thumb/v7-m/nofp\libc.a(libc_a-fputwc.o)
 .ARM.attributes
                0x00000827       0x2d C:/PROGRA~2/ARMGNU~1/13C7F1~1.2RE/bin/../lib/gcc/arm-none-eabi/13.2.1/thumb/v7-m/nofp\libc.a(libc_a-memmove.o)
 .ARM.attributes
                0x00000854       0x2d C:/PROGRA~2/ARMGNU~1/13C7F1~1.2RE/bin/../lib/gcc/arm-none-eabi/13.2.1/thumb/v7-m/nofp\libc.a(libc_a-strncpy.o)
 .ARM.attributes
                0x00000881       0x2d C:/PROGRA~2/ARMGNU~1/13C7F1~1.2RE/bin/../lib/gcc/arm-none-eabi/13.2.1/thumb/v7-m/nofp\libc.a(libc_a-locale.o)
 .ARM.attributes
                0x000008ae       0x2d C:/PROGRA~2/ARMGNU~1/13C7F1~1.2RE/bin/../lib/gcc/arm-none-eabi/13.2.1/thumb/v7-m/nofp\libc.a(libc_a-localeconv.o)
 .ARM.attributes
                0x000008db       0x2d C:/PROGRA~2/ARMGNU~1/13C7F1~1.2RE/bin/../lib/gcc/arm-none-eabi/13.2.1/thumb/v7-m/nofp\libc.a(libc_a-sbrkr.o)
 .ARM.attributes
                0x00000908       0x2d C:/PROGRA~2/ARMGNU~1/13C7F1~1.2RE/bin/../lib/gcc/arm-none-eabi/13.2.1/thumb/v7-m/nofp\libc.a(libc_a-fini.o)
 .ARM.attributes
                0x00000935       0x2d C:/PROGRA~2/ARMGNU~1/13C7F1~1.2RE/bin/../lib/gcc/arm-none-eabi/13.2.1/thumb/v7-m/nofp\libc.a(libc_a-sysconf.o)
 .ARM.attributes
                0x00000962       0x2d C:/PROGRA~2/ARMGNU~1/13C7F1~1.2RE/bin/../lib/gcc/arm-none-eabi/13.2.1/thumb/v7-m/nofp\libc.a(libc_a-memchr-stub.o)
 .ARM.attributes
                0x0000098f       0x1b C:/PROGRA~2/ARMGNU~1/13C7F1~1.2RE/bin/../lib/gcc/arm-none-eabi/13.2.1/thumb/v7-m/nofp\libc.a(libc_a-memcpy.o)
 .ARM.attributes
                0x000009aa       0x2d C:/PROGRA~2/ARMGNU~1/13C7F1~1.2RE/bin/../lib/gcc/arm-none-eabi/13.2.1/thumb/v7-m/nofp\libc.a(libm_a-s_frexp.o)
 .ARM.attributes
                0x000009d7       0x2d C:/PROGRA~2/ARMGNU~1/13C7F1~1.2RE/bin/../lib/gcc/arm-none-eabi/13.2.1/thumb/v7-m/nofp\libc.a(libc_a-__atexit.o)
 .ARM.attributes
                0x00000a04       0x2d C:/PROGRA~2/ARMGNU~1/13C7F1~1.2RE/bin/../lib/gcc/arm-none-eabi/13.2.1/thumb/v7-m/nofp\libc.a(libc_a-dtoa.o)
 .ARM.attributes
                0x00000a31       0x2d C:/PROGRA~2/ARMGNU~1/13C7F1~1.2RE/bin/../lib/gcc/arm-none-eabi/13.2.1/thumb/v7-m/nofp\libc.a(libc_a-mbtowc_r.o)
 .ARM.attributes
                0x00000a5e       0x2d C:/PROGRA~2/ARMGNU~1/13C7F1~1.2RE/bin/../lib/gcc/arm-none-eabi/13.2.1/thumb/v7-m/nofp\libc.a(libc_a-mprec.o)
 .ARM.attributes
                0x00000a8b       0x2d C:/PROGRA~2/ARMGNU~1/13C7F1~1.2RE/bin/../lib/gcc/arm-none-eabi/13.2.1/thumb/v7-m/nofp\libc.a(libc_a-reallocr.o)
 .ARM.attributes
                0x00000ab8       0x2d C:/PROGRA~2/ARMGNU~1/13C7F1~1.2RE/bin/../lib/gcc/arm-none-eabi/13.2.1/thumb/v7-m/nofp\libc.a(libc_a-wctomb_r.o)
 .ARM.attributes
                0x00000ae5       0x2d C:/PROGRA~2/ARMGNU~1/13C7F1~1.2RE/bin/../lib/gcc/arm-none-eabi/13.2.1/thumb/v7-m/nofp\libc.a(libc_a-wcrtomb.o)
 .ARM.attributes
                0x00000b12       0x2d C:/PROGRA~2/ARMGNU~1/13C7F1~1.2RE/bin/../lib/gcc/arm-none-eabi/13.2.1/thumb/v7-m/nofp\libc.a(libc_a-wcsrtombs.o)
 .ARM.attributes
                0x00000b3f       0x2d C:/PROGRA~2/ARMGNU~1/13C7F1~1.2RE/bin/../lib/gcc/arm-none-eabi/13.2.1/thumb/v7-m/nofp\libc.a(libc_a-ctype_.o)
 .ARM.attributes
                0x00000b6c       0x2d C:/PROGRA~2/ARMGNU~1/13C7F1~1.2RE/bin/../lib/gcc/arm-none-eabi/13.2.1/thumb/v7-m/nofp\libc.a(libc_a-makebuf.o)
 .ARM.attributes
                0x00000b99       0x2d C:/PROGRA~2/ARMGNU~1/13C7F1~1.2RE/bin/../lib/gcc/arm-none-eabi/13.2.1/thumb/v7-m/nofp\libc.a(libc_a-wbuf.o)
 .ARM.attributes
                0x00000bc6       0x2d C:/PROGRA~2/ARMGNU~1/13C7F1~1.2RE/bin/../lib/gcc/arm-none-eabi/13.2.1/thumb/v7-m/nofp\libc.a(libc_a-fstatr.o)
 .ARM.attributes
                0x00000bf3       0x2d C:/PROGRA~2/ARMGNU~1/13C7F1~1.2RE/bin/../lib/gcc/arm-none-eabi/13.2.1/thumb/v7-m/nofp\libc.a(libc_a-isattyr.o)
 .ARM.attributes
                0x00000c20       0x2d C:/PROGRA~2/ARMGNU~1/13C7F1~1.2RE/bin/../lib/gcc/arm-none-eabi/13.2.1/thumb/v7-m/nofp\libc.a(libc_a-assert.o)
 .ARM.attributes
                0x00000c4d       0x2d C:/PROGRA~2/ARMGNU~1/13C7F1~1.2RE/bin/../lib/gcc/arm-none-eabi/13.2.1/thumb/v7-m/nofp\libc.a(libc_a-callocr.o)
 .ARM.attributes
                0x00000c7a       0x2d C:/PROGRA~2/ARMGNU~1/13C7F1~1.2RE/bin/../lib/gcc/arm-none-eabi/13.2.1/thumb/v7-m/nofp\libc.a(libc_a-wcsnrtombs.o)
 .ARM.attributes
                0x00000ca7       0x2d C:/PROGRA~2/ARMGNU~1/13C7F1~1.2RE/bin/../lib/gcc/arm-none-eabi/13.2.1/thumb/v7-m/nofp\libc.a(libc_a-fiprintf.o)
 .ARM.attributes
                0x00000cd4       0x2d C:/PROGRA~2/ARMGNU~1/13C7F1~1.2RE/bin/../lib/gcc/arm-none-eabi/13.2.1/thumb/v7-m/nofp\libc.a(libc_a-abort.o)
 .ARM.attributes
                0x00000d01       0x2d C:/PROGRA~2/ARMGNU~1/13C7F1~1.2RE/bin/../lib/gcc/arm-none-eabi/13.2.1/thumb/v7-m/nofp\libc.a(libc_a-signal.o)
 .ARM.attributes
                0x00000d2e       0x2d C:/PROGRA~2/ARMGNU~1/13C7F1~1.2RE/bin/../lib/gcc/arm-none-eabi/13.2.1/thumb/v7-m/nofp\libc.a(libc_a-signalr.o)
 .ARM.attributes
                0x00000d5b       0x1d C:/PROGRA~2/ARMGNU~1/13C7F1~1.2RE/bin/../lib/gcc/arm-none-eabi/13.2.1/thumb/v7-m/nofp\libgcc.a(_arm_addsubdf3.o)
 .ARM.attributes
                0x00000d78       0x1d C:/PROGRA~2/ARMGNU~1/13C7F1~1.2RE/bin/../lib/gcc/arm-none-eabi/13.2.1/thumb/v7-m/nofp\libgcc.a(_arm_muldivdf3.o)
 .ARM.attributes
                0x00000d95       0x1d C:/PROGRA~2/ARMGNU~1/13C7F1~1.2RE/bin/../lib/gcc/arm-none-eabi/13.2.1/thumb/v7-m/nofp\libgcc.a(_arm_cmpdf2.o)
 .ARM.attributes
                0x00000db2       0x1d C:/PROGRA~2/ARMGNU~1/13C7F1~1.2RE/bin/../lib/gcc/arm-none-eabi/13.2.1/thumb/v7-m/nofp\libgcc.a(_arm_unorddf2.o)
 .ARM.attributes
                0x00000dcf       0x1d C:/PROGRA~2/ARMGNU~1/13C7F1~1.2RE/bin/../lib/gcc/arm-none-eabi/13.2.1/thumb/v7-m/nofp\libgcc.a(_arm_fixdfsi.o)
 .ARM.attributes
                0x00000dec       0x2d C:/PROGRA~2/ARMGNU~1/13C7F1~1.2RE/bin/../lib/gcc/arm-none-eabi/13.2.1/thumb/v7-m/nofp/crtend.o
 .ARM.attributes
                0x00000e19       0x1d C:/PROGRA~2/ARMGNU~1/13C7F1~1.2RE/bin/../lib/gcc/arm-none-eabi/13.2.1/thumb/v7-m/nofp/crtn.o
OUTPUT(Tennismaschine.elf elf32-littlearm)
LOAD linker stubs
LOAD C:/PROGRA~2/ARMGNU~1/13C7F1~1.2RE/bin/../lib/gcc/arm-none-eabi/13.2.1/thumb/v7-m/nofp\libc.a
LOAD C:/PROGRA~2/ARMGNU~1/13C7F1~1.2RE/bin/../lib/gcc/arm-none-eabi/13.2.1/thumb/v7-m/nofp\libm.a
LOAD C:/PROGRA~2/ARMGNU~1/13C7F1~1.2RE/bin/../lib/gcc/arm-none-eabi/13.2.1/thumb/v7-m/nofp\libgcc.a

.debug_info     0x00000000    0x10b0f
 .debug_info    0x00000000      0xb0c CMakeFiles/Tennismaschine.elf.dir/Core/Src/machine_programs.c.obj
 .debug_info    0x00000b0c     0x1ab1 CMakeFiles/Tennismaschine.elf.dir/Core/Src/main.c.obj
 .debug_info    0x000025bd      0xf97 CMakeFiles/Tennismaschine.elf.dir/Core/Src/stm32f1xx_hal_msp.c.obj
 .debug_info    0x00003554      0x11d CMakeFiles/Tennismaschine.elf.dir/Core/Src/stm32f1xx_it.c.obj
 .debug_info    0x00003671      0x9f9 CMakeFiles/Tennismaschine.elf.dir/Core/Src/syscalls.c.obj
 .debug_info    0x0000406a      0x171 CMakeFiles/Tennismaschine.elf.dir/Core/Src/sysmem.c.obj
 .debug_info    0x000041db      0x22d CMakeFiles/Tennismaschine.elf.dir/Core/Src/system_stm32f1xx.c.obj
 .debug_info    0x00004408       0x30 CMakeFiles/Tennismaschine.elf.dir/Core/Startup/startup_stm32f103rbtx.s.obj
 .debug_info    0x00004438      0x7a2 CMakeFiles/Tennismaschine.elf.dir/Drivers/STM32F1xx_HAL_Driver/Src/stm32f1xx_hal.c.obj
 .debug_info    0x00004bda      0xed9 CMakeFiles/Tennismaschine.elf.dir/Drivers/STM32F1xx_HAL_Driver/Src/stm32f1xx_hal_adc.c.obj
 .debug_info    0x00005ab3      0xcd9 CMakeFiles/Tennismaschine.elf.dir/Drivers/STM32F1xx_HAL_Driver/Src/stm32f1xx_hal_cortex.c.obj
 .debug_info    0x0000678c      0x604 CMakeFiles/Tennismaschine.elf.dir/Drivers/STM32F1xx_HAL_Driver/Src/stm32f1xx_hal_gpio.c.obj
 .debug_info    0x00006d90     0x3905 CMakeFiles/Tennismaschine.elf.dir/Drivers/STM32F1xx_HAL_Driver/Src/stm32f1xx_hal_i2c.c.obj
 .debug_info    0x0000a695      0x9c7 CMakeFiles/Tennismaschine.elf.dir/Drivers/STM32F1xx_HAL_Driver/Src/stm32f1xx_hal_rcc.c.obj
 .debug_info    0x0000b05c      0x420 CMakeFiles/Tennismaschine.elf.dir/Drivers/STM32F1xx_HAL_Driver/Src/stm32f1xx_hal_rcc_ex.c.obj
 .debug_info    0x0000b47c     0x3be7 CMakeFiles/Tennismaschine.elf.dir/Drivers/STM32F1xx_HAL_Driver/Src/stm32f1xx_hal_tim.c.obj
 .debug_info    0x0000f063     0x1aac CMakeFiles/Tennismaschine.elf.dir/Drivers/STM32F1xx_HAL_Driver/Src/stm32f1xx_hal_tim_ex.c.obj

.debug_abbrev   0x00000000     0x237d
 .debug_abbrev  0x00000000      0x249 CMakeFiles/Tennismaschine.elf.dir/Core/Src/machine_programs.c.obj
 .debug_abbrev  0x00000249      0x3de CMakeFiles/Tennismaschine.elf.dir/Core/Src/main.c.obj
 .debug_abbrev  0x00000627      0x226 CMakeFiles/Tennismaschine.elf.dir/Core/Src/stm32f1xx_hal_msp.c.obj
 .debug_abbrev  0x0000084d       0x7c CMakeFiles/Tennismaschine.elf.dir/Core/Src/stm32f1xx_it.c.obj
 .debug_abbrev  0x000008c9      0x26c CMakeFiles/Tennismaschine.elf.dir/Core/Src/syscalls.c.obj
 .debug_abbrev  0x00000b35       0xea CMakeFiles/Tennismaschine.elf.dir/Core/Src/sysmem.c.obj
 .debug_abbrev  0x00000c1f      0x143 CMakeFiles/Tennismaschine.elf.dir/Core/Src/system_stm32f1xx.c.obj
 .debug_abbrev  0x00000d62       0x24 CMakeFiles/Tennismaschine.elf.dir/Core/Startup/startup_stm32f103rbtx.s.obj
 .debug_abbrev  0x00000d86      0x22d CMakeFiles/Tennismaschine.elf.dir/Drivers/STM32F1xx_HAL_Driver/Src/stm32f1xx_hal.c.obj
 .debug_abbrev  0x00000fb3      0x252 CMakeFiles/Tennismaschine.elf.dir/Drivers/STM32F1xx_HAL_Driver/Src/stm32f1xx_hal_adc.c.obj
 .debug_abbrev  0x00001205      0x36d CMakeFiles/Tennismaschine.elf.dir/Drivers/STM32F1xx_HAL_Driver/Src/stm32f1xx_hal_cortex.c.obj
 .debug_abbrev  0x00001572      0x1f7 CMakeFiles/Tennismaschine.elf.dir/Drivers/STM32F1xx_HAL_Driver/Src/stm32f1xx_hal_gpio.c.obj
 .debug_abbrev  0x00001769      0x2be CMakeFiles/Tennismaschine.elf.dir/Drivers/STM32F1xx_HAL_Driver/Src/stm32f1xx_hal_i2c.c.obj
 .debug_abbrev  0x00001a27      0x2a0 CMakeFiles/Tennismaschine.elf.dir/Drivers/STM32F1xx_HAL_Driver/Src/stm32f1xx_hal_rcc.c.obj
 .debug_abbrev  0x00001cc7      0x1d8 CMakeFiles/Tennismaschine.elf.dir/Drivers/STM32F1xx_HAL_Driver/Src/stm32f1xx_hal_rcc_ex.c.obj
 .debug_abbrev  0x00001e9f      0x270 CMakeFiles/Tennismaschine.elf.dir/Drivers/STM32F1xx_HAL_Driver/Src/stm32f1xx_hal_tim.c.obj
 .debug_abbrev  0x0000210f      0x26e CMakeFiles/Tennismaschine.elf.dir/Drivers/STM32F1xx_HAL_Driver/Src/stm32f1xx_hal_tim_ex.c.obj

.debug_loclists
                0x00000000     0x9b13
 .debug_loclists
                0x00000000       0x42 CMakeFiles/Tennismaschine.elf.dir/Core/Src/machine_programs.c.obj
 .debug_loclists
                0x00000042       0xc8 CMakeFiles/Tennismaschine.elf.dir/Core/Src/main.c.obj
 .debug_loclists
                0x0000010a      0x104 CMakeFiles/Tennismaschine.elf.dir/Core/Src/stm32f1xx_hal_msp.c.obj
 .debug_loclists
                0x0000020e      0x2cd CMakeFiles/Tennismaschine.elf.dir/Core/Src/syscalls.c.obj
 .debug_loclists
                0x000004db       0x52 CMakeFiles/Tennismaschine.elf.dir/Core/Src/sysmem.c.obj
 .debug_loclists
                0x0000052d       0xb7 CMakeFiles/Tennismaschine.elf.dir/Core/Src/system_stm32f1xx.c.obj
 .debug_loclists
                0x000005e4       0xe1 CMakeFiles/Tennismaschine.elf.dir/Drivers/STM32F1xx_HAL_Driver/Src/stm32f1xx_hal.c.obj
 .debug_loclists
                0x000006c5      0x7c5 CMakeFiles/Tennismaschine.elf.dir/Drivers/STM32F1xx_HAL_Driver/Src/stm32f1xx_hal_adc.c.obj
 .debug_loclists
                0x00000e8a      0x530 CMakeFiles/Tennismaschine.elf.dir/Drivers/STM32F1xx_HAL_Driver/Src/stm32f1xx_hal_cortex.c.obj
 .debug_loclists
                0x000013ba      0x318 CMakeFiles/Tennismaschine.elf.dir/Drivers/STM32F1xx_HAL_Driver/Src/stm32f1xx_hal_gpio.c.obj
 .debug_loclists
                0x000016d2     0x31cd CMakeFiles/Tennismaschine.elf.dir/Drivers/STM32F1xx_HAL_Driver/Src/stm32f1xx_hal_i2c.c.obj
 .debug_loclists
                0x0000489f      0x42e CMakeFiles/Tennismaschine.elf.dir/Drivers/STM32F1xx_HAL_Driver/Src/stm32f1xx_hal_rcc.c.obj
 .debug_loclists
                0x00004ccd      0x2eb CMakeFiles/Tennismaschine.elf.dir/Drivers/STM32F1xx_HAL_Driver/Src/stm32f1xx_hal_rcc_ex.c.obj
 .debug_loclists
                0x00004fb8     0x37c3 CMakeFiles/Tennismaschine.elf.dir/Drivers/STM32F1xx_HAL_Driver/Src/stm32f1xx_hal_tim.c.obj
 .debug_loclists
                0x0000877b     0x1398 CMakeFiles/Tennismaschine.elf.dir/Drivers/STM32F1xx_HAL_Driver/Src/stm32f1xx_hal_tim_ex.c.obj

.debug_aranges  0x00000000      0xe00
 .debug_aranges
                0x00000000       0x40 CMakeFiles/Tennismaschine.elf.dir/Core/Src/machine_programs.c.obj
 .debug_aranges
                0x00000040       0x60 CMakeFiles/Tennismaschine.elf.dir/Core/Src/main.c.obj
 .debug_aranges
                0x000000a0       0x58 CMakeFiles/Tennismaschine.elf.dir/Core/Src/stm32f1xx_hal_msp.c.obj
 .debug_aranges
                0x000000f8       0x60 CMakeFiles/Tennismaschine.elf.dir/Core/Src/stm32f1xx_it.c.obj
 .debug_aranges
                0x00000158       0xb0 CMakeFiles/Tennismaschine.elf.dir/Core/Src/syscalls.c.obj
 .debug_aranges
                0x00000208       0x20 CMakeFiles/Tennismaschine.elf.dir/Core/Src/sysmem.c.obj
 .debug_aranges
                0x00000228       0x28 CMakeFiles/Tennismaschine.elf.dir/Core/Src/system_stm32f1xx.c.obj
 .debug_aranges
                0x00000250       0x28 CMakeFiles/Tennismaschine.elf.dir/Core/Startup/startup_stm32f103rbtx.s.obj
 .debug_aranges
                0x00000278       0xe0 CMakeFiles/Tennismaschine.elf.dir/Drivers/STM32F1xx_HAL_Driver/Src/stm32f1xx_hal.c.obj
 .debug_aranges
                0x00000358       0xf0 CMakeFiles/Tennismaschine.elf.dir/Drivers/STM32F1xx_HAL_Driver/Src/stm32f1xx_hal_adc.c.obj
 .debug_aranges
                0x00000448       0xc0 CMakeFiles/Tennismaschine.elf.dir/Drivers/STM32F1xx_HAL_Driver/Src/stm32f1xx_hal_cortex.c.obj
 .debug_aranges
                0x00000508       0x58 CMakeFiles/Tennismaschine.elf.dir/Drivers/STM32F1xx_HAL_Driver/Src/stm32f1xx_hal_gpio.c.obj
 .debug_aranges
                0x00000560      0x2a8 CMakeFiles/Tennismaschine.elf.dir/Drivers/STM32F1xx_HAL_Driver/Src/stm32f1xx_hal_i2c.c.obj
 .debug_aranges
                0x00000808       0x90 CMakeFiles/Tennismaschine.elf.dir/Drivers/STM32F1xx_HAL_Driver/Src/stm32f1xx_hal_rcc.c.obj
 .debug_aranges
                0x00000898       0x30 CMakeFiles/Tennismaschine.elf.dir/Drivers/STM32F1xx_HAL_Driver/Src/stm32f1xx_hal_rcc_ex.c.obj
 .debug_aranges
                0x000008c8      0x3d0 CMakeFiles/Tennismaschine.elf.dir/Drivers/STM32F1xx_HAL_Driver/Src/stm32f1xx_hal_tim.c.obj
 .debug_aranges
                0x00000c98      0x168 CMakeFiles/Tennismaschine.elf.dir/Drivers/STM32F1xx_HAL_Driver/Src/stm32f1xx_hal_tim_ex.c.obj

.debug_rnglists
                0x00000000      0xad7
 .debug_rnglists
                0x00000000       0x2c CMakeFiles/Tennismaschine.elf.dir/Core/Src/machine_programs.c.obj
 .debug_rnglists
                0x0000002c       0x47 CMakeFiles/Tennismaschine.elf.dir/Core/Src/main.c.obj
 .debug_rnglists
                0x00000073       0x3d CMakeFiles/Tennismaschine.elf.dir/Core/Src/stm32f1xx_hal_msp.c.obj
 .debug_rnglists
                0x000000b0       0x43 CMakeFiles/Tennismaschine.elf.dir/Core/Src/stm32f1xx_it.c.obj
 .debug_rnglists
                0x000000f3       0x7f CMakeFiles/Tennismaschine.elf.dir/Core/Src/syscalls.c.obj
 .debug_rnglists
                0x00000172       0x13 CMakeFiles/Tennismaschine.elf.dir/Core/Src/sysmem.c.obj
 .debug_rnglists
                0x00000185       0x1a CMakeFiles/Tennismaschine.elf.dir/Core/Src/system_stm32f1xx.c.obj
 .debug_rnglists
                0x0000019f       0x19 CMakeFiles/Tennismaschine.elf.dir/Core/Startup/startup_stm32f103rbtx.s.obj
 .debug_rnglists
                0x000001b8       0xa3 CMakeFiles/Tennismaschine.elf.dir/Drivers/STM32F1xx_HAL_Driver/Src/stm32f1xx_hal.c.obj
 .debug_rnglists
                0x0000025b       0xb8 CMakeFiles/Tennismaschine.elf.dir/Drivers/STM32F1xx_HAL_Driver/Src/stm32f1xx_hal_adc.c.obj
 .debug_rnglists
                0x00000313       0x8b CMakeFiles/Tennismaschine.elf.dir/Drivers/STM32F1xx_HAL_Driver/Src/stm32f1xx_hal_cortex.c.obj
 .debug_rnglists
                0x0000039e       0x3f CMakeFiles/Tennismaschine.elf.dir/Drivers/STM32F1xx_HAL_Driver/Src/stm32f1xx_hal_gpio.c.obj
 .debug_rnglists
                0x000003dd      0x236 CMakeFiles/Tennismaschine.elf.dir/Drivers/STM32F1xx_HAL_Driver/Src/stm32f1xx_hal_i2c.c.obj
 .debug_rnglists
                0x00000613       0x7d CMakeFiles/Tennismaschine.elf.dir/Drivers/STM32F1xx_HAL_Driver/Src/stm32f1xx_hal_rcc.c.obj
 .debug_rnglists
                0x00000690       0x2f CMakeFiles/Tennismaschine.elf.dir/Drivers/STM32F1xx_HAL_Driver/Src/stm32f1xx_hal_rcc_ex.c.obj
 .debug_rnglists
                0x000006bf      0x2fe CMakeFiles/Tennismaschine.elf.dir/Drivers/STM32F1xx_HAL_Driver/Src/stm32f1xx_hal_tim.c.obj
 .debug_rnglists
                0x000009bd      0x11a CMakeFiles/Tennismaschine.elf.dir/Drivers/STM32F1xx_HAL_Driver/Src/stm32f1xx_hal_tim_ex.c.obj

.debug_line     0x00000000    0x10886
 .debug_line    0x00000000      0x388 CMakeFiles/Tennismaschine.elf.dir/Core/Src/machine_programs.c.obj
 .debug_line    0x00000388      0x965 CMakeFiles/Tennismaschine.elf.dir/Core/Src/main.c.obj
 .debug_line    0x00000ced      0x46e CMakeFiles/Tennismaschine.elf.dir/Core/Src/stm32f1xx_hal_msp.c.obj
 .debug_line    0x0000115b      0x1b3 CMakeFiles/Tennismaschine.elf.dir/Core/Src/stm32f1xx_it.c.obj
 .debug_line    0x0000130e      0x4ab CMakeFiles/Tennismaschine.elf.dir/Core/Src/syscalls.c.obj
 .debug_line    0x000017b9      0x1cf CMakeFiles/Tennismaschine.elf.dir/Core/Src/sysmem.c.obj
 .debug_line    0x00001988      0x27f CMakeFiles/Tennismaschine.elf.dir/Core/Src/system_stm32f1xx.c.obj
 .debug_line    0x00001c07       0x78 CMakeFiles/Tennismaschine.elf.dir/Core/Startup/startup_stm32f103rbtx.s.obj
 .debug_line    0x00001c7f      0x5e0 CMakeFiles/Tennismaschine.elf.dir/Drivers/STM32F1xx_HAL_Driver/Src/stm32f1xx_hal.c.obj
 .debug_line    0x0000225f      0xefa CMakeFiles/Tennismaschine.elf.dir/Drivers/STM32F1xx_HAL_Driver/Src/stm32f1xx_hal_adc.c.obj
 .debug_line    0x00003159      0x71d CMakeFiles/Tennismaschine.elf.dir/Drivers/STM32F1xx_HAL_Driver/Src/stm32f1xx_hal_cortex.c.obj
 .debug_line    0x00003876      0x646 CMakeFiles/Tennismaschine.elf.dir/Drivers/STM32F1xx_HAL_Driver/Src/stm32f1xx_hal_gpio.c.obj
 .debug_line    0x00003ebc     0x5693 CMakeFiles/Tennismaschine.elf.dir/Drivers/STM32F1xx_HAL_Driver/Src/stm32f1xx_hal_i2c.c.obj
 .debug_line    0x0000954f      0xd20 CMakeFiles/Tennismaschine.elf.dir/Drivers/STM32F1xx_HAL_Driver/Src/stm32f1xx_hal_rcc.c.obj
 .debug_line    0x0000a26f      0x520 CMakeFiles/Tennismaschine.elf.dir/Drivers/STM32F1xx_HAL_Driver/Src/stm32f1xx_hal_rcc_ex.c.obj
 .debug_line    0x0000a78f     0x4672 CMakeFiles/Tennismaschine.elf.dir/Drivers/STM32F1xx_HAL_Driver/Src/stm32f1xx_hal_tim.c.obj
 .debug_line    0x0000ee01     0x1a85 CMakeFiles/Tennismaschine.elf.dir/Drivers/STM32F1xx_HAL_Driver/Src/stm32f1xx_hal_tim_ex.c.obj

.debug_str      0x00000000     0x4498
 .debug_str     0x00000000     0x4498 CMakeFiles/Tennismaschine.elf.dir/Core/Src/machine_programs.c.obj
                                0x936 (size before relaxing)
 .debug_str     0x00004498     0x11c7 CMakeFiles/Tennismaschine.elf.dir/Core/Src/main.c.obj
 .debug_str     0x00004498      0xc06 CMakeFiles/Tennismaschine.elf.dir/Core/Src/stm32f1xx_hal_msp.c.obj
 .debug_str     0x00004498      0x285 CMakeFiles/Tennismaschine.elf.dir/Core/Src/stm32f1xx_it.c.obj
 .debug_str     0x00004498      0x509 CMakeFiles/Tennismaschine.elf.dir/Core/Src/syscalls.c.obj
 .debug_str     0x00004498      0x27b CMakeFiles/Tennismaschine.elf.dir/Core/Src/sysmem.c.obj
 .debug_str     0x00004498      0x2b7 CMakeFiles/Tennismaschine.elf.dir/Core/Src/system_stm32f1xx.c.obj
 .debug_str     0x00004498       0xcb CMakeFiles/Tennismaschine.elf.dir/Core/Startup/startup_stm32f103rbtx.s.obj
 .debug_str     0x00004498      0x891 CMakeFiles/Tennismaschine.elf.dir/Drivers/STM32F1xx_HAL_Driver/Src/stm32f1xx_hal.c.obj
 .debug_str     0x00004498      0x93d CMakeFiles/Tennismaschine.elf.dir/Drivers/STM32F1xx_HAL_Driver/Src/stm32f1xx_hal_adc.c.obj
 .debug_str     0x00004498      0x936 CMakeFiles/Tennismaschine.elf.dir/Drivers/STM32F1xx_HAL_Driver/Src/stm32f1xx_hal_cortex.c.obj
 .debug_str     0x00004498      0x463 CMakeFiles/Tennismaschine.elf.dir/Drivers/STM32F1xx_HAL_Driver/Src/stm32f1xx_hal_gpio.c.obj
 .debug_str     0x00004498     0x1028 CMakeFiles/Tennismaschine.elf.dir/Drivers/STM32F1xx_HAL_Driver/Src/stm32f1xx_hal_i2c.c.obj
 .debug_str     0x00004498      0x68e CMakeFiles/Tennismaschine.elf.dir/Drivers/STM32F1xx_HAL_Driver/Src/stm32f1xx_hal_rcc.c.obj
 .debug_str     0x00004498      0x436 CMakeFiles/Tennismaschine.elf.dir/Drivers/STM32F1xx_HAL_Driver/Src/stm32f1xx_hal_rcc_ex.c.obj
 .debug_str     0x00004498     0x16d8 CMakeFiles/Tennismaschine.elf.dir/Drivers/STM32F1xx_HAL_Driver/Src/stm32f1xx_hal_tim.c.obj
 .debug_str     0x00004498      0xef4 CMakeFiles/Tennismaschine.elf.dir/Drivers/STM32F1xx_HAL_Driver/Src/stm32f1xx_hal_tim_ex.c.obj

.comment        0x00000000       0x44
 .comment       0x00000000       0x44 CMakeFiles/Tennismaschine.elf.dir/Core/Src/machine_programs.c.obj
                                 0x45 (size before relaxing)
 .comment       0x00000044       0x45 CMakeFiles/Tennismaschine.elf.dir/Core/Src/main.c.obj
 .comment       0x00000044       0x45 CMakeFiles/Tennismaschine.elf.dir/Core/Src/stm32f1xx_hal_msp.c.obj
 .comment       0x00000044       0x45 CMakeFiles/Tennismaschine.elf.dir/Core/Src/stm32f1xx_it.c.obj
 .comment       0x00000044       0x45 CMakeFiles/Tennismaschine.elf.dir/Core/Src/syscalls.c.obj
 .comment       0x00000044       0x45 CMakeFiles/Tennismaschine.elf.dir/Core/Src/sysmem.c.obj
 .comment       0x00000044       0x45 CMakeFiles/Tennismaschine.elf.dir/Core/Src/system_stm32f1xx.c.obj
 .comment       0x00000044       0x45 CMakeFiles/Tennismaschine.elf.dir/Drivers/STM32F1xx_HAL_Driver/Src/stm32f1xx_hal.c.obj
 .comment       0x00000044       0x45 CMakeFiles/Tennismaschine.elf.dir/Drivers/STM32F1xx_HAL_Driver/Src/stm32f1xx_hal_adc.c.obj
 .comment       0x00000044       0x45 CMakeFiles/Tennismaschine.elf.dir/Drivers/STM32F1xx_HAL_Driver/Src/stm32f1xx_hal_cortex.c.obj
 .comment       0x00000044       0x45 CMakeFiles/Tennismaschine.elf.dir/Drivers/STM32F1xx_HAL_Driver/Src/stm32f1xx_hal_gpio.c.obj
 .comment       0x00000044       0x45 CMakeFiles/Tennismaschine.elf.dir/Drivers/STM32F1xx_HAL_Driver/Src/stm32f1xx_hal_i2c.c.obj
 .comment       0x00000044       0x45 CMakeFiles/Tennismaschine.elf.dir/Drivers/STM32F1xx_HAL_Driver/Src/stm32f1xx_hal_rcc.c.obj
 .comment       0x00000044       0x45 CMakeFiles/Tennismaschine.elf.dir/Drivers/STM32F1xx_HAL_Driver/Src/stm32f1xx_hal_rcc_ex.c.obj
 .comment       0x00000044       0x45 CMakeFiles/Tennismaschine.elf.dir/Drivers/STM32F1xx_HAL_Driver/Src/stm32f1xx_hal_tim.c.obj
 .comment       0x00000044       0x45 CMakeFiles/Tennismaschine.elf.dir/Drivers/STM32F1xx_HAL_Driver/Src/stm32f1xx_hal_tim_ex.c.obj

.debug_frame    0x00000000     0x3e70
 .debug_frame   0x00000000       0x74 CMakeFiles/Tennismaschine.elf.dir/Core/Src/machine_programs.c.obj
 .debug_frame   0x00000074      0x10c CMakeFiles/Tennismaschine.elf.dir/Core/Src/main.c.obj
 .debug_frame   0x00000180       0xe0 CMakeFiles/Tennismaschine.elf.dir/Core/Src/stm32f1xx_hal_msp.c.obj
 .debug_frame   0x00000260       0xa8 CMakeFiles/Tennismaschine.elf.dir/Core/Src/stm32f1xx_it.c.obj
 .debug_frame   0x00000308      0x1a0 CMakeFiles/Tennismaschine.elf.dir/Core/Src/syscalls.c.obj
 .debug_frame   0x000004a8       0x28 CMakeFiles/Tennismaschine.elf.dir/Core/Src/sysmem.c.obj
 .debug_frame   0x000004d0       0x30 CMakeFiles/Tennismaschine.elf.dir/Core/Src/system_stm32f1xx.c.obj
 .debug_frame   0x00000500      0x1cc CMakeFiles/Tennismaschine.elf.dir/Drivers/STM32F1xx_HAL_Driver/Src/stm32f1xx_hal.c.obj
 .debug_frame   0x000006cc      0x2c8 CMakeFiles/Tennismaschine.elf.dir/Drivers/STM32F1xx_HAL_Driver/Src/stm32f1xx_hal_adc.c.obj
 .debug_frame   0x00000994      0x19c CMakeFiles/Tennismaschine.elf.dir/Drivers/STM32F1xx_HAL_Driver/Src/stm32f1xx_hal_cortex.c.obj
 .debug_frame   0x00000b30       0xe4 CMakeFiles/Tennismaschine.elf.dir/Drivers/STM32F1xx_HAL_Driver/Src/stm32f1xx_hal_gpio.c.obj
 .debug_frame   0x00000c14      0x984 CMakeFiles/Tennismaschine.elf.dir/Drivers/STM32F1xx_HAL_Driver/Src/stm32f1xx_hal_i2c.c.obj
 .debug_frame   0x00001598      0x184 CMakeFiles/Tennismaschine.elf.dir/Drivers/STM32F1xx_HAL_Driver/Src/stm32f1xx_hal_rcc.c.obj
 .debug_frame   0x0000171c       0x5c CMakeFiles/Tennismaschine.elf.dir/Drivers/STM32F1xx_HAL_Driver/Src/stm32f1xx_hal_rcc_ex.c.obj
 .debug_frame   0x00001778      0xb14 CMakeFiles/Tennismaschine.elf.dir/Drivers/STM32F1xx_HAL_Driver/Src/stm32f1xx_hal_tim.c.obj
 .debug_frame   0x0000228c      0x418 CMakeFiles/Tennismaschine.elf.dir/Drivers/STM32F1xx_HAL_Driver/Src/stm32f1xx_hal_tim_ex.c.obj